../component/i2c/fsl_adapter_lpi2c.c:52:25:HAL_I2cGetStatus	24	static
../component/i2c/fsl_adapter_lpi2c.c:96:13:HAL_I2cMasterCallback	40	static
../component/i2c/fsl_adapter_lpi2c.c:112:13:HAL_I2cSlaveCallback	32	static
../component/i2c/fsl_adapter_lpi2c.c:132:18:HAL_I2cMasterInit	48	static
../component/i2c/fsl_adapter_lpi2c.c:153:18:HAL_I2cSlaveInit	56	static
../component/i2c/fsl_adapter_lpi2c.c:174:18:HAL_I2cMasterDeinit	24	static
../component/i2c/fsl_adapter_lpi2c.c:187:18:HAL_I2cSlaveDeinit	24	static
../component/i2c/fsl_adapter_lpi2c.c:200:18:HAL_I2cMasterWriteBlocking	24	static
../component/i2c/fsl_adapter_lpi2c.c:208:18:HAL_I2cMasterReadBlocking	24	static
../component/i2c/fsl_adapter_lpi2c.c:216:18:HAL_I2cSlaveWriteBlocking	24	static
../component/i2c/fsl_adapter_lpi2c.c:221:18:HAL_I2cSlaveReadBlocking	24	static
../component/i2c/fsl_adapter_lpi2c.c:226:18:HAL_I2cMasterTransferBlocking	48	static
../component/i2c/fsl_adapter_lpi2c.c:247:18:HAL_I2cMasterTransferInstallCallback	32	static
../component/i2c/fsl_adapter_lpi2c.c:265:18:HAL_I2cMasterTransferNonBlocking	48	static
../component/i2c/fsl_adapter_lpi2c.c:286:18:HAL_I2cMasterTransferGetCount	24	static
../component/i2c/fsl_adapter_lpi2c.c:298:18:HAL_I2cMasterTransferAbort	24	static
../component/i2c/fsl_adapter_lpi2c.c:310:18:HAL_I2cSlaveTransferInstallCallback	32	static
../component/i2c/fsl_adapter_lpi2c.c:328:18:HAL_I2cSlaveTransferNonBlocking	24	static
../component/i2c/fsl_adapter_lpi2c.c:340:18:HAL_I2cSlaveTransferAbort	24	static
../component/i2c/fsl_adapter_lpi2c.c:353:18:HAL_I2cSlaveTransferGetCount	24	static
