C:\root\wsp\wsp_SDSGW\system_sdsgw\env\nxp_mimxrt1170_evkb\system_sdsgw_m7\CMSIS/core_cm7.h:1911:22:__NVIC_EnableIRQ	16	static
../drivers/fsl_clock.h:2178:20:CLOCK_ControlGate	16	static
../drivers/fsl_clock.h:2197:20:CLOCK_EnableClock	16	static
../drivers/fsl_clock.h:2207:20:CLOCK_DisableClock	16	static
../drivers/fsl_common_arm.h:570:24:EnableIRQ	24	static
../drivers/fsl_common_arm.h:788:24:DisableGlobalIRQ	16	static
../drivers/fsl_common_arm.h:814:20:EnableGlobalIRQ	24	static
../drivers/fsl_enet.h:918:20:ENET_Reset	16	static
../drivers/fsl_enet.h:961:20:ENET_GetSMI	16	static
../drivers/fsl_enet.h:972:24:ENET_ReadSMIData	16	static
../drivers/fsl_enet.h:990:20:ENET_StartSMIWrite	16	static
../drivers/fsl_enet.h:1009:20:ENET_StartSMIRead	16	static
../drivers/fsl_enet.h:1052:20:ENET_StartExtC45SMIWriteReg	16	static
../drivers/fsl_enet.h:1070:20:ENET_StartExtC45SMIWriteData	16	static
../drivers/fsl_enet.h:1087:20:ENET_StartExtC45SMIReadData	16	static
../drivers/fsl_enet.h:1260:20:ENET_EnableSleepMode	16	static
../drivers/fsl_enet.h:1312:20:ENET_EnableInterrupts	16	static
../drivers/fsl_enet.h:1343:24:ENET_GetInterruptStatus	16	static
../drivers/fsl_enet.h:1362:20:ENET_ClearInterruptStatus	16	static
../drivers/fsl_enet.c:163:10:ENET_GetInstance	24	static
../drivers/fsl_enet.c:195:6:ENET_GetDefaultConfig	16	static
../drivers/fsl_enet.c:246:10:ENET_Up	40	static
../drivers/fsl_enet.c:311:10:ENET_Init	40	static
../drivers/fsl_enet.c:342:6:ENET_Down	24	static
../drivers/fsl_enet.c:366:6:ENET_Deinit	16	static
../drivers/fsl_enet.c:382:6:ENET_SetRxISRHandler	24	static
../drivers/fsl_enet.c:390:6:ENET_SetTxISRHandler	24	static
../drivers/fsl_enet.c:415:6:ENET_SetErrISRHandler	24	static
../drivers/fsl_enet.c:441:13:ENET_SetHandler	40	static
../drivers/fsl_enet.c:498:13:ENET_SetMacController	64	static
../drivers/fsl_enet.c:760:13:ENET_SetTxBufferDescriptors	88	static
../drivers/fsl_enet.c:821:17:ENET_SetRxBufferDescriptors	72	static
../drivers/fsl_enet.c:924:13:ENET_RxBufferFreeAll	48	static
../drivers/fsl_enet.c:976:20:ENET_ActiveReadRing	16	static
../drivers/fsl_enet.c:1013:13:ENET_ActiveSendRing	24	static
../drivers/fsl_enet.c:1068:6:ENET_SetMII	32	static
../drivers/fsl_enet.c:1124:6:ENET_SetMacAddr	24	static
../drivers/fsl_enet.c:1144:6:ENET_GetMacAddr	24	static
../drivers/fsl_enet.c:1172:6:ENET_SetSMI	40	static
../drivers/fsl_enet.c:1192:17:ENET_MDIOWaitTransferOver	24	static
../drivers/fsl_enet.c:1231:10:ENET_MDIOWrite	32	static
../drivers/fsl_enet.c:1263:10:ENET_MDIORead	32	static
../drivers/fsl_enet.c:1302:10:ENET_MDIOC45Write	24	static
../drivers/fsl_enet.c:1338:10:ENET_MDIOC45Read	24	static
../drivers/fsl_enet.c:1367:17:ENET_IncreaseIndex	16	static
../drivers/fsl_enet.c:1380:20:ENET_TxDirtyRingAvailable	16	static
../drivers/fsl_enet.c:1404:6:ENET_GetRxErrBeforeReadFrame	40	static
../drivers/fsl_enet.c:1487:6:ENET_GetStatistics	16	static
../drivers/fsl_enet.c:1521:10:ENET_GetRxFrameSize	48	static
../drivers/fsl_enet.c:1636:10:ENET_ReadFrame	64	static
../drivers/fsl_enet.c:1745:13:ENET_UpdateReadBuffers	32	static
../drivers/fsl_enet.c:1786:10:ENET_SendFrame	72	static
../drivers/fsl_enet.c:2004:10:ENET_SetTxReclaim	32	static
../drivers/fsl_enet.c:2045:6:ENET_ReclaimTxDescriptor	64	static
../drivers/fsl_enet.c:2098:24:ENET_GetRxFrameErr	32	static
../drivers/fsl_enet.c:2169:10:ENET_GetRxFrame	96	static
../drivers/fsl_enet.c:2421:10:ENET_StartTxFrame	112	static
../drivers/fsl_enet.c:2561:6:ENET_AddMulticastGroup	40	static
../drivers/fsl_enet.c:2614:6:ENET_LeaveMulticastGroup	40	static
../drivers/fsl_enet.c:3009:6:ENET_TransmitIRQHandler	56	static
../drivers/fsl_enet.c:3075:6:ENET_ReceiveIRQHandler	48	static
../drivers/fsl_enet.c:3122:6:ENET_ErrorIRQHandler	40	static
../drivers/fsl_enet.c:3219:6:ENET_CommonFrame0IRQHandler	24	static
../drivers/fsl_enet.c:3267:6:ENET_CommonFrame1IRQHandler	24	static
../drivers/fsl_enet.c:3297:6:ENET_CommonFrame2IRQHandler	24	static
../drivers/fsl_enet.c:3321:6:ENET_Ptp1588IRQHandler	24	static
../drivers/fsl_enet.c:3406:6:ENET_MAC0_Rx_Tx_Done1_DriverIRQHandler	8	static
../drivers/fsl_enet.c:3412:6:ENET_MAC0_Rx_Tx_Done2_DriverIRQHandler	8	static
../drivers/fsl_enet.c:3420:6:ENET_DriverIRQHandler	8	static
../drivers/fsl_enet.c:3427:6:ENET_1588_Timer_DriverIRQHandler	8	static
../drivers/fsl_enet.c:3434:6:ENET_TIMER_DriverIRQHandler	8	static
../drivers/fsl_enet.c:3525:6:ENET_1G_DriverIRQHandler	8	static
../drivers/fsl_enet.c:3531:6:ENET_1G_MAC0_Tx_Rx_1_DriverIRQHandler	8	static
../drivers/fsl_enet.c:3537:6:ENET_1G_MAC0_Tx_Rx_2_DriverIRQHandler	8	static
../drivers/fsl_enet.c:3543:6:ENET_1G_1588_Timer_DriverIRQHandler	8	static
