C:\root\wsp\wsp_SDSGW\system_sdsgw\env\nxp_mimxrt1170_evkb\system_sdsgw_m7\CMSIS/core_cm7.h:1911:22:__NVIC_EnableIRQ	16	static
../drivers/fsl_clock.h:2178:20:CLOCK_ControlGate	16	static
../drivers/fsl_clock.h:2197:20:CLOCK_EnableClock	16	static
../drivers/fsl_clock.h:2207:20:CLOCK_DisableClock	16	static
../drivers/fsl_common_arm.h:570:24:EnableIRQ	24	static
../drivers/fsl_sai.h:832:20:SAI_TxClearStatusFlags	16	static
../drivers/fsl_sai.h:857:20:SAI_RxClearStatusFlags	16	static
../drivers/fsl_sai.h:1035:20:SAI_TxEnableInterrupts	16	static
../drivers/fsl_sai.h:1052:20:SAI_RxEnableInterrupts	16	static
../drivers/fsl_sai.h:1069:20:SAI_TxDisableInterrupts	16	static
../drivers/fsl_sai.h:1086:20:SAI_RxDisableInterrupts	16	static
../drivers/fsl_sai.c:173:13:SAI_RxGetEnabledInterruptStatus	32	static
../drivers/fsl_sai.c:180:13:SAI_TxGetEnabledInterruptStatus	32	static
../drivers/fsl_sai.c:267:17:SAI_GetInstance	24	static
../drivers/fsl_sai.c:285:13:SAI_WriteNonBlocking	48	static
../drivers/fsl_sai.c:318:13:SAI_ReadNonBlocking	40	static
../drivers/fsl_sai.c:348:13:SAI_GetCommonConfig	24	static
../drivers/fsl_sai.c:403:6:SAI_Init	16	static
../drivers/fsl_sai.c:435:6:SAI_Deinit	16	static
../drivers/fsl_sai.c:451:6:SAI_TxReset	16	static
../drivers/fsl_sai.c:474:6:SAI_RxReset	16	static
../drivers/fsl_sai.c:496:6:SAI_TxEnable	16	static
../drivers/fsl_sai.c:526:6:SAI_RxEnable	16	static
../drivers/fsl_sai.c:561:6:SAI_TxSoftwareReset	16	static
../drivers/fsl_sai.c:580:6:SAI_RxSoftwareReset	16	static
../drivers/fsl_sai.c:595:6:SAI_TxSetChannelFIFOMask	16	static
../drivers/fsl_sai.c:608:6:SAI_RxSetChannelFIFOMask	16	static
../drivers/fsl_sai.c:620:6:SAI_TxSetDataOrder	24	static
../drivers/fsl_sai.c:634:6:SAI_RxSetDataOrder	24	static
../drivers/fsl_sai.c:648:6:SAI_TxSetBitClockPolarity	24	static
../drivers/fsl_sai.c:662:6:SAI_RxSetBitClockPolarity	24	static
../drivers/fsl_sai.c:676:6:SAI_TxSetFrameSyncPolarity	24	static
../drivers/fsl_sai.c:690:6:SAI_RxSetFrameSyncPolarity	24	static
../drivers/fsl_sai.c:705:6:SAI_TxSetFIFOPacking	24	static
../drivers/fsl_sai.c:720:6:SAI_RxSetFIFOPacking	24	static
../drivers/fsl_sai.c:739:6:SAI_TxSetBitClockRate	40	static
../drivers/fsl_sai.c:786:6:SAI_RxSetBitClockRate	40	static
../drivers/fsl_sai.c:831:6:SAI_TxSetBitclockConfig	32	static
../drivers/fsl_sai.c:859:6:SAI_RxSetBitclockConfig	32	static
../drivers/fsl_sai.c:923:6:SAI_TxSetFifoConfig	24	static
../drivers/fsl_sai.c:969:6:SAI_RxSetFifoConfig	24	static
../drivers/fsl_sai.c:1011:6:SAI_TxSetFrameSyncConfig	32	static
../drivers/fsl_sai.c:1040:6:SAI_RxSetFrameSyncConfig	32	static
../drivers/fsl_sai.c:1068:6:SAI_TxSetSerialDataConfig	24	static
../drivers/fsl_sai.c:1102:6:SAI_RxSetSerialDataConfig	24	static
../drivers/fsl_sai.c:1124:6:SAI_TxSetConfig	24	static
../drivers/fsl_sai.c:1226:6:SAI_TransferTxSetConfig	24	static
../drivers/fsl_sai.c:1258:6:SAI_RxSetConfig	24	static
../drivers/fsl_sai.c:1361:6:SAI_TransferRxSetConfig	24	static
../drivers/fsl_sai.c:1394:6:SAI_GetClassicI2SConfig	24	static
../drivers/fsl_sai.c:1410:6:SAI_GetLeftJustifiedConfig	24	static
../drivers/fsl_sai.c:1432:6:SAI_GetRightJustifiedConfig	24	static
../drivers/fsl_sai.c:1469:6:SAI_GetDSPConfig	16	static
../drivers/fsl_sai.c:1502:6:SAI_GetTDMConfig	24	static
../drivers/fsl_sai.c:1542:6:SAI_WriteBlocking	48	static
../drivers/fsl_sai.c:1580:6:SAI_WriteMultiChannelBlocking	64	static
../drivers/fsl_sai.c:1635:6:SAI_ReadMultiChannelBlocking	64	static
../drivers/fsl_sai.c:1682:6:SAI_ReadBlocking	48	static
../drivers/fsl_sai.c:1714:6:SAI_TransferTxCreateHandle	24	static
../drivers/fsl_sai.c:1745:6:SAI_TransferRxCreateHandle	24	static
../drivers/fsl_sai.c:1780:10:SAI_TransferSendNonBlocking	24	static
../drivers/fsl_sai.c:1829:10:SAI_TransferReceiveNonBlocking	24	static
../drivers/fsl_sai.c:1872:10:SAI_TransferGetSendCount	32	static
../drivers/fsl_sai.c:1900:10:SAI_TransferGetReceiveCount	32	static
../drivers/fsl_sai.c:1928:6:SAI_TransferAbortSend	16	static
../drivers/fsl_sai.c:1958:6:SAI_TransferAbortReceive	16	static
../drivers/fsl_sai.c:1988:6:SAI_TransferTerminateSend	16	static
../drivers/fsl_sai.c:2012:6:SAI_TransferTerminateReceive	16	static
../drivers/fsl_sai.c:2033:6:SAI_TransferTxHandleIRQ	56	static
../drivers/fsl_sai.c:2110:6:SAI_TransferRxHandleIRQ	56	static
../drivers/fsl_sai.c:2960:6:SAI1_DriverIRQHandler	8	static
../drivers/fsl_sai.c:2988:6:SAI2_DriverIRQHandler	8	static
../drivers/fsl_sai.c:3016:6:SAI3_DriverIRQHandler	8	static
../drivers/fsl_sai.c:3042:6:SAI3_TX_DriverIRQHandler	8	static
../drivers/fsl_sai.c:3050:6:SAI3_RX_DriverIRQHandler	8	static
../drivers/fsl_sai.c:3060:6:SAI4_DriverIRQHandler	8	static
