C:\root\wsp\wsp_SDSGW\system_sdsgw\env\nxp_mimxrt1170_evkb\system_sdsgw_m7\CMSIS/core_cm7.h:1911:22:__NVIC_EnableIRQ	16	static
../drivers/fsl_clock.h:2178:20:CLOCK_ControlGate	16	static
../drivers/fsl_clock.h:2197:20:CLOCK_EnableClock	16	static
../drivers/fsl_clock.h:2207:20:CLOCK_DisableClock	16	static
../drivers/fsl_common_arm.h:570:24:EnableIRQ	24	static
../drivers/fsl_common_arm.h:788:24:DisableGlobalIRQ	16	static
../drivers/fsl_common_arm.h:814:20:EnableGlobalIRQ	24	static
../drivers/fsl_lpuart.h:355:20:LPUART_SoftwareReset	16	static
../drivers/fsl_lpuart.c:168:10:LPUART_GetInstance	24	static
../drivers/fsl_lpuart.c:203:8:LPUART_TransferGetRxRingBufferLength	32	static
../drivers/fsl_lpuart.c:224:13:LPUART_TransferIsRxRingBufferFull	24	static
../drivers/fsl_lpuart.c:241:13:LPUART_WriteNonBlocking	32	static
../drivers/fsl_lpuart.c:255:13:LPUART_ReadNonBlocking	40	static
../drivers/fsl_lpuart.c:309:10:LPUART_Init	56	static
../drivers/fsl_lpuart.c:537:6:LPUART_Deinit	24	static
../drivers/fsl_lpuart.c:601:6:LPUART_GetDefaultConfig	16	static
../drivers/fsl_lpuart.c:646:10:LPUART_SetBaudRate	56	static
../drivers/fsl_lpuart.c:746:6:LPUART_Enable9bitMode	24	static
../drivers/fsl_lpuart.c:780:6:LPUART_SendAddress	24	static
../drivers/fsl_lpuart.c:802:6:LPUART_EnableInterrupts	24	static
../drivers/fsl_lpuart.c:854:6:LPUART_DisableInterrupts	24	static
../drivers/fsl_lpuart.c:912:10:LPUART_GetEnabledInterrupts	24	static
../drivers/fsl_lpuart.c:950:10:LPUART_GetStatusFlags	24	static
../drivers/fsl_lpuart.c:983:10:LPUART_ClearStatusFlags	24	static
../drivers/fsl_lpuart.c:1033:10:LPUART_WriteBlocking	32	static
../drivers/fsl_lpuart.c:1098:10:LPUART_ReadBlocking	48	static
../drivers/fsl_lpuart.c:1233:6:LPUART_TransferCreateHandle	40	static
../drivers/fsl_lpuart.c:1298:6:LPUART_TransferStartRingBuffer	32	static
../drivers/fsl_lpuart.c:1327:6:LPUART_TransferStopRingBuffer	24	static
../drivers/fsl_lpuart.c:1365:10:LPUART_TransferSendNonBlocking	32	static
../drivers/fsl_lpuart.c:1408:6:LPUART_TransferAbortSend	24	static
../drivers/fsl_lpuart.c:1433:10:LPUART_TransferGetSendCount	32	static
../drivers/fsl_lpuart.c:1491:10:LPUART_TransferReceiveNonBlocking	56	static
../drivers/fsl_lpuart.c:1630:6:LPUART_TransferAbortReceive	24	static
../drivers/fsl_lpuart.c:1661:10:LPUART_TransferGetReceiveCount	32	static
../drivers/fsl_lpuart.c:1681:13:LPUART_TransferHandleIDLEReady	32	static
../drivers/fsl_lpuart.c:1734:13:LPUART_TransferHandleReceiveDataFull	40	static
../drivers/fsl_lpuart.c:1847:13:LPUART_TransferHandleSendDataEmpty	24	static
../drivers/fsl_lpuart.c:1887:13:LPUART_TransferHandleTransmissionComplete	32	static
../drivers/fsl_lpuart.c:1915:6:LPUART_TransferHandleIRQ	40	static
../drivers/fsl_lpuart.c:1973:6:LPUART_TransferHandleErrorIRQ	16	static
../drivers/fsl_lpuart.c:2068:6:LPUART1_DriverIRQHandler	8	static
../drivers/fsl_lpuart.c:2093:6:LPUART2_DriverIRQHandler	8	static
../drivers/fsl_lpuart.c:2117:6:LPUART3_DriverIRQHandler	8	static
../drivers/fsl_lpuart.c:2141:6:LPUART4_DriverIRQHandler	8	static
../drivers/fsl_lpuart.c:2165:6:LPUART5_DriverIRQHandler	8	static
../drivers/fsl_lpuart.c:2189:6:LPUART6_DriverIRQHandler	8	static
../drivers/fsl_lpuart.c:2213:6:LPUART7_DriverIRQHandler	8	static
../drivers/fsl_lpuart.c:2237:6:LPUART8_DriverIRQHandler	8	static
../drivers/fsl_lpuart.c:2261:6:LPUART9_DriverIRQHandler	8	static
../drivers/fsl_lpuart.c:2285:6:LPUART10_DriverIRQHandler	8	static
../drivers/fsl_lpuart.c:2309:6:LPUART11_DriverIRQHandler	8	static
../drivers/fsl_lpuart.c:2333:6:LPUART12_DriverIRQHandler	8	static
