../drivers/fsl_edma.h:660:20:EDMA_TcdEnableAutoStopRequest	16	static
../drivers/fsl_sai.h:1107:20:SAI_TxEnableDMA	24	static
../drivers/fsl_sai.h:1128:20:SAI_RxEnableDMA	24	static
../drivers/fsl_sai.h:1149:25:SAI_TxGetDataRegisterAddress	16	static
../drivers/fsl_sai.h:1163:25:SAI_RxGetDataRegisterAddress	16	static
../drivers/fsl_sai_edma.c:77:17:SAI_GetInstance	24	static
../drivers/fsl_sai_edma.c:95:13:SAI_TxEDMACallback	48	static
../drivers/fsl_sai_edma.c:133:13:SAI_RxEDMACallback	48	static
../drivers/fsl_sai_edma.c:184:6:SAI_TransferTxCreateHandleEDMA	32	static
../drivers/fsl_sai_edma.c:226:6:SAI_TransferRxCreateHandleEDMA	32	static
../drivers/fsl_sai_edma.c:265:6:SAI_TransferSetInterleaveType	16	static
../drivers/fsl_sai_edma.c:289:6:SAI_TransferTxSetConfigEDMA	24	static
../drivers/fsl_sai_edma.c:346:6:SAI_TransferRxSetConfigEDMA	24	static
../drivers/fsl_sai_edma.c:415:10:SAI_TransferSendEDMA	112	static
../drivers/fsl_sai_edma.c:539:10:SAI_TransferReceiveEDMA	112	static
../drivers/fsl_sai_edma.c:651:10:SAI_TransferSendLoopEDMA	104	static
../drivers/fsl_sai_edma.c:735:10:SAI_TransferReceiveLoopEDMA	104	static
../drivers/fsl_sai_edma.c:810:6:SAI_TransferAbortSendEDMA	16	static
../drivers/fsl_sai_edma.c:850:6:SAI_TransferAbortReceiveEDMA	16	static
../drivers/fsl_sai_edma.c:890:6:SAI_TransferTerminateSendEDMA	16	static
../drivers/fsl_sai_edma.c:915:6:SAI_TransferTerminateReceiveEDMA	16	static
../drivers/fsl_sai_edma.c:940:10:SAI_TransferGetSendCountEDMA	40	static
../drivers/fsl_sai_edma.c:969:10:SAI_TransferGetReceiveCountEDMA	40	static
../drivers/fsl_sai_edma.c:1000:10:SAI_TransferGetValidTransferSlotsEDMA	24	static
