../drivers/fsl_pmu.c:159:6:PMU_SetPllLdoControlMode	16	static
../drivers/fsl_pmu.c:176:6:PMU_SwitchPllLdoToGPCMode	16	static
../drivers/fsl_pmu.c:193:6:PMU_StaticEnablePllLdo	32	static
../drivers/fsl_pmu.c:218:6:PMU_StaticDisablePllLdo	8	static
../drivers/fsl_pmu.c:229:6:PMU_SetLpsrAnaLdoControlMode	16	static
../drivers/fsl_pmu.c:249:6:PMU_StaticEnableLpsrAnaLdoBypassMode	16	static
../drivers/fsl_pmu.c:303:6:PMU_StaticGetLpsrAnaLdoDefaultConfig	16	static
../drivers/fsl_pmu.c:323:6:PMU_StaticLpsrAnaLdoInit	24	static
../drivers/fsl_pmu.c:354:6:PMU_StaticLpsrAnaLdoDeinit	16	static
../drivers/fsl_pmu.c:366:6:PMU_SetLpsrDigLdoControlMode	16	static
../drivers/fsl_pmu.c:386:6:PMU_StaticEnableLpsrDigLdoBypassMode	16	static
../drivers/fsl_pmu.c:422:6:PMU_StaticGetLpsrDigLdoDefaultConfig	16	static
../drivers/fsl_pmu.c:439:6:PMU_StaticLpsrDigLdoInit	24	static
../drivers/fsl_pmu.c:465:6:PMU_StaticLpsrDigLdoDeinit	16	static
../drivers/fsl_pmu.c:479:6:PMU_GPCSetLpsrDigLdoTargetVoltage	48	static
../drivers/fsl_pmu.c:521:6:PMU_GetSnvsDigLdoDefaultConfig	16	static
../drivers/fsl_pmu.c:541:6:PMU_SnvsDigLdoInit	24	static
../drivers/fsl_pmu.c:561:6:PMU_GPCEnableLdo	40	static
../drivers/fsl_pmu.c:578:6:PMU_GPCSetLdoOperateMode	40	static
../drivers/fsl_pmu.c:602:6:PMU_GPCEnableLdoTrackingMode	40	static
../drivers/fsl_pmu.c:619:6:PMU_GPCEnableLdoBypassMode	40	static
../drivers/fsl_pmu.c:636:6:PMU_GPCEnableLdoStandbyMode	40	static
../drivers/fsl_pmu.c:651:6:PMU_SetBandgapControlMode	16	static
../drivers/fsl_pmu.c:668:6:PMU_SwitchBandgapToGPCMode	16	static
../drivers/fsl_pmu.c:687:6:PMU_DisableBandgapSelfBiasAfterPowerUp	16	static
../drivers/fsl_pmu.c:710:6:PMU_EnableBandgapSelfBiasBeforePowerDown	16	static
../drivers/fsl_pmu.c:724:6:PMU_StaticBandgapInit	24	static
../drivers/fsl_pmu.c:750:6:PMU_WellBiasInit	24	static
../drivers/fsl_pmu.c:777:6:PMU_GetWellBiasDefaultConfig	16	static
../drivers/fsl_pmu.c:794:6:PMU_SetBodyBiasControlMode	24	static
../drivers/fsl_pmu.c:841:6:PMU_EnableBodyBias	24	static
../drivers/fsl_pmu.c:923:6:PMU_GPCEnableBodyBias	32	static
../drivers/fsl_pmu.c:937:6:PMU_GPCEnableBodyBiasStandbyMode	32	static
../drivers/fsl_pmu.c:949:6:PMU_GPCGetBodyBiasDefaultConfig	16	static
../drivers/fsl_pmu.c:965:6:PMU_GPCSetBodyBiasConfig	32	static
