C:\root\wsp\wsp_SDSGW\system_sdsgw\env\nxp_mimxrt1170_evkb\system_sdsgw_m7\CMSIS/core_cm7.h:1911:22:__NVIC_EnableIRQ	16	static
../drivers/fsl_clock.h:2178:20:CLOCK_ControlGate	16	static
../drivers/fsl_clock.h:2197:20:CLOCK_EnableClock	16	static
../drivers/fsl_clock.h:2207:20:CLOCK_DisableClock	16	static
../drivers/fsl_common_arm.h:570:24:EnableIRQ	24	static
../drivers/fsl_lpi2c.h:570:20:LPI2C_MasterReset	16	static
../drivers/fsl_lpi2c.h:582:20:LPI2C_MasterEnable	16	static
../drivers/fsl_lpi2c.h:606:24:LPI2C_MasterGetStatusFlags	16	static
../drivers/fsl_lpi2c.h:631:20:LPI2C_MasterClearStatusFlags	16	static
../drivers/fsl_lpi2c.h:653:20:LPI2C_MasterEnableInterrupts	16	static
../drivers/fsl_lpi2c.h:668:20:LPI2C_MasterDisableInterrupts	16	static
../drivers/fsl_lpi2c.h:680:24:LPI2C_MasterGetEnabledInterrupts	16	static
../drivers/fsl_lpi2c.h:744:20:LPI2C_MasterSetWatermarks	24	static
../drivers/fsl_lpi2c.h:758:20:LPI2C_MasterGetFifoCounts	24	static
../drivers/fsl_lpi2c.h:1067:20:LPI2C_SlaveReset	16	static
../drivers/fsl_lpi2c.h:1079:20:LPI2C_SlaveEnable	16	static
../drivers/fsl_lpi2c.h:1103:24:LPI2C_SlaveGetStatusFlags	16	static
../drivers/fsl_lpi2c.h:1125:20:LPI2C_SlaveClearStatusFlags	16	static
../drivers/fsl_lpi2c.h:1146:20:LPI2C_SlaveEnableInterrupts	16	static
../drivers/fsl_lpi2c.h:1161:20:LPI2C_SlaveDisableInterrupts	16	static
../drivers/fsl_lpi2c.c:222:10:LPI2C_GetInstance	24	static
../drivers/fsl_lpi2c.c:245:17:LPI2C_GetCyclesForWidth	40	static
../drivers/fsl_lpi2c.c:286:10:LPI2C_MasterCheckAndClearError	24	static
../drivers/fsl_lpi2c.c:353:17:LPI2C_MasterWaitForTxReady	32	static
../drivers/fsl_lpi2c.c:401:10:LPI2C_CheckForBusyBus	24	static
../drivers/fsl_lpi2c.c:442:6:LPI2C_MasterGetDefaultConfig	16	static
../drivers/fsl_lpi2c.c:475:6:LPI2C_MasterInit	56	static
../drivers/fsl_lpi2c.c:580:6:LPI2C_MasterDeinit	24	static
../drivers/fsl_lpi2c.c:605:6:LPI2C_MasterConfigureDataMatch	24	static
../drivers/fsl_lpi2c.c:636:6:LPI2C_MasterSetBaudRate	64	static
../drivers/fsl_lpi2c.c:775:10:LPI2C_MasterStart	24	static
../drivers/fsl_lpi2c.c:816:10:LPI2C_MasterStop	24	static
../drivers/fsl_lpi2c.c:877:10:LPI2C_MasterReceive	40	static
../drivers/fsl_lpi2c.c:979:10:LPI2C_MasterSend	32	static
../drivers/fsl_lpi2c.c:1018:10:LPI2C_MasterTransferBlocking	56	static
../drivers/fsl_lpi2c.c:1161:6:LPI2C_MasterTransferCreateHandle	32	static
../drivers/fsl_lpi2c.c:1195:13:LPI2C_TransferStateMachineSendCommand	32	static
../drivers/fsl_lpi2c.c:1266:13:LPI2C_TransferStateMachineReadCommand	24	static
../drivers/fsl_lpi2c.c:1290:13:LPI2C_TransferStateMachineTransferData	24	static
../drivers/fsl_lpi2c.c:1333:13:LPI2C_TransferStateMachineStopState	24	static
../drivers/fsl_lpi2c.c:1364:13:LPI2C_TransferStateMachineWaitState	24	static
../drivers/fsl_lpi2c.c:1402:17:LPI2C_RunTransferStateMachine	48	static
../drivers/fsl_lpi2c.c:1485:13:LPI2C_InitTransferStateMachine	40	static
../drivers/fsl_lpi2c.c:1558:10:LPI2C_MasterTransferNonBlocking	40	static
../drivers/fsl_lpi2c.c:1624:10:LPI2C_MasterTransferGetCount	40	static
../drivers/fsl_lpi2c.c:1690:6:LPI2C_MasterTransferAbort	16	static
../drivers/fsl_lpi2c.c:1720:6:LPI2C_MasterTransferHandleIRQ	40	static
../drivers/fsl_lpi2c.c:1790:6:LPI2C_SlaveGetDefaultConfig	16	static
../drivers/fsl_lpi2c.c:1829:6:LPI2C_SlaveInit	48	static
../drivers/fsl_lpi2c.c:1905:6:LPI2C_SlaveDeinit	24	static
../drivers/fsl_lpi2c.c:1932:17:LPI2C_SlaveCheckAndClearError	24	static
../drivers/fsl_lpi2c.c:1976:10:LPI2C_SlaveSend	40	static
../drivers/fsl_lpi2c.c:2067:10:LPI2C_SlaveReceive	40	static
../drivers/fsl_lpi2c.c:2165:6:LPI2C_SlaveTransferCreateHandle	32	static
../drivers/fsl_lpi2c.c:2222:10:LPI2C_SlaveTransferNonBlocking	32	static
../drivers/fsl_lpi2c.c:2286:10:LPI2C_SlaveTransferGetCount	32	static
../drivers/fsl_lpi2c.c:2319:6:LPI2C_SlaveTransferAbort	16	static
../drivers/fsl_lpi2c.c:2347:6:LPI2C_SlaveTransferHandleIRQ	24	static
../drivers/fsl_lpi2c.c:2505:13:LPI2C_CommonIRQHandler	16	static
../drivers/fsl_lpi2c.c:2536:6:LPI2C1_DriverIRQHandler	8	static
../drivers/fsl_lpi2c.c:2545:6:LPI2C2_DriverIRQHandler	8	static
../drivers/fsl_lpi2c.c:2554:6:LPI2C3_DriverIRQHandler	8	static
../drivers/fsl_lpi2c.c:2563:6:LPI2C4_DriverIRQHandler	8	static
../drivers/fsl_lpi2c.c:2572:6:LPI2C5_DriverIRQHandler	8	static
../drivers/fsl_lpi2c.c:2581:6:LPI2C6_DriverIRQHandler	8	static
