C:\root\wsp\wsp_SDSGW\system_sdsgw\env\nxp_mimxrt1170_evkb\system_sdsgw_m7\CMSIS/core_cm7.h:1911:22:__NVIC_EnableIRQ	16	static
../drivers/fsl_common_arm.h:570:24:EnableIRQ	24	static
../drivers/fsl_lpuart.h:653:25:LPUART_GetDataRegisterAddress	16	static
../drivers/fsl_lpuart.h:666:20:LPUART_EnableTxDMA	16	static
../drivers/fsl_lpuart.h:686:20:LPUART_EnableRxDMA	16	static
../drivers/fsl_lpuart_edma.c:138:13:LPUART_SendEDMACallback	32	static
../drivers/fsl_lpuart_edma.c:164:13:LPUART_ReceiveEDMACallback	40	static
../drivers/fsl_lpuart_edma.c:202:6:LPUART_TransferCreateHandleEDMA	32	static
../drivers/fsl_lpuart_edma.c:281:10:LPUART_SendEDMA	80	static
../drivers/fsl_lpuart_edma.c:340:10:LPUART_ReceiveEDMA	80	static
../drivers/fsl_lpuart_edma.c:393:6:LPUART_TransferAbortSendEDMA	16	static
../drivers/fsl_lpuart_edma.c:415:6:LPUART_TransferAbortReceiveEDMA	16	static
../drivers/fsl_lpuart_edma.c:441:10:LPUART_TransferGetReceiveCountEDMA	32	static
../drivers/fsl_lpuart_edma.c:472:10:LPUART_TransferGetSendCountEDMA	32	static
../drivers/fsl_lpuart_edma.c:501:6:LPUART_TransferEdmaHandleIRQ	32	static
