C:\root\wsp\wsp_SDSGW\system_sdsgw\src/core/xtask_freertos.h:31:6:vApplicationStackOverflowHook	16	static
C:\root\wsp\wsp_SDSGW\system_sdsgw\src/core/xtask_freertos.h:36:13:xtask_task_func_base	24	static
C:\root\wsp\wsp_SDSGW\system_sdsgw\src/core/xtask_freertos.h:51:6:xtask_init	32	static
C:\root\wsp\wsp_SDSGW\system_sdsgw\src/core/xtask_freertos.h:58:10:xtask_tick_get	8	static
C:\root\wsp\wsp_SDSGW\system_sdsgw\src/core/xtask_freertos.h:63:10:xtask_tick_erapsed_msec_get	24	static
C:\root\wsp\wsp_SDSGW\system_sdsgw\src/core/xtask_freertos.h:79:6:xtask_lock	8	static
C:\root\wsp\wsp_SDSGW\system_sdsgw\src/core/xtask_freertos.h:84:6:xtask_unlock	8	static
C:\root\wsp\wsp_SDSGW\system_sdsgw\src/core/xtask_freertos.h:89:9:xtask_new	40	static
C:\root\wsp\wsp_SDSGW\system_sdsgw\src/core/xtask_freertos.h:124:9:xtask_new_config	40	static
C:\root\wsp\wsp_SDSGW\system_sdsgw\src/core/xtask_freertos.h:136:6:xtask_delete	24	static
C:\root\wsp\wsp_SDSGW\system_sdsgw\src/core/xtask_freertos.h:147:9:xtask_current_get	16	static
C:\root\wsp\wsp_SDSGW\system_sdsgw\src/core/xtask_freertos.h:160:6:xtask_delay	16	static
C:\root\wsp\wsp_SDSGW\system_sdsgw\src/core/xtask_freertos.h:165:6:xtask_delay_until	24	static
C:\root\wsp\wsp_SDSGW\system_sdsgw\src/core/xtask_freertos.h:175:10:xtask_delay_minimum_get	4	static
C:\root\wsp\wsp_SDSGW\system_sdsgw\src/core/xtask_freertos.h:180:10:xmutex_new	16	static
C:\root\wsp\wsp_SDSGW\system_sdsgw\src/core/xtask_freertos.h:192:6:xmutex_delete	16	static
C:\root\wsp\wsp_SDSGW\system_sdsgw\src/core/xtask_freertos.h:202:8:xmutex_lock	24	static
C:\root\wsp\wsp_SDSGW\system_sdsgw\src/core/xtask_freertos.h:228:8:xmutex_lock_isr	24	static
C:\root\wsp\wsp_SDSGW\system_sdsgw\src/core/xtask_freertos.h:247:6:xmutex_unlock	16	static
C:\root\wsp\wsp_SDSGW\system_sdsgw\src/core/xtask_freertos.h:255:6:xmutex_unlock_isr	24	static
C:\root\wsp\wsp_SDSGW\system_sdsgw\src/core/xtask_freertos.h:269:14:xsemaphore_new	24	static
C:\root\wsp\wsp_SDSGW\system_sdsgw\src/core/xtask_freertos.h:285:6:xsemaphore_delete	16	static
C:\root\wsp\wsp_SDSGW\system_sdsgw\src/core/xtask_freertos.h:297:10:xsemaphore_count_get	24	static
C:\root\wsp\wsp_SDSGW\system_sdsgw\src/core/xtask_freertos.h:309:10:xsemaphore_count_get_isr	24	static
C:\root\wsp\wsp_SDSGW\system_sdsgw\src/core/xtask_freertos.h:321:8:xsemaphore_lock	24	static
C:\root\wsp\wsp_SDSGW\system_sdsgw\src/core/xtask_freertos.h:347:8:xsemaphore_lock_isr	24	static
C:\root\wsp\wsp_SDSGW\system_sdsgw\src/core/xtask_freertos.h:366:6:xsemaphore_unlock	16	static
C:\root\wsp\wsp_SDSGW\system_sdsgw\src/core/xtask_freertos.h:374:6:xsemaphore_unlock_isr	24	static
