../startup/startup_mimxrt1176_cm7.c:799:6:data_init	4	static
../startup/startup_mimxrt1176_cm7.c:813:6:bss_init	4	static
../startup/startup_mimxrt1176_cm7.c:843:6:ResetISR	0	static
../startup/startup_mimxrt1176_cm7.c:934:14:NMI_Handler	0	static
../startup/startup_mimxrt1176_cm7.c:938:14:HardFault_Handler	0	static
../startup/startup_mimxrt1176_cm7.c:942:14:MemManage_Handler	0	static
../startup/startup_mimxrt1176_cm7.c:946:14:BusFault_Handler	0	static
../startup/startup_mimxrt1176_cm7.c:950:14:UsageFault_Handler	0	static
../startup/startup_mimxrt1176_cm7.c:954:14:SVC_Handler	0	static
../startup/startup_mimxrt1176_cm7.c:958:14:DebugMon_Handler	0	static
../startup/startup_mimxrt1176_cm7.c:962:14:PendSV_Handler	0	static
../startup/startup_mimxrt1176_cm7.c:966:14:SysTick_Handler	0	static
../startup/startup_mimxrt1176_cm7.c:974:14:IntDefaultHandler	0	static
../startup/startup_mimxrt1176_cm7.c:984:11:DMA0_DMA16_IRQHandler	8	static
../startup/startup_mimxrt1176_cm7.c:988:11:DMA1_DMA17_IRQHandler	8	static
../startup/startup_mimxrt1176_cm7.c:992:11:DMA2_DMA18_IRQHandler	8	static
../startup/startup_mimxrt1176_cm7.c:996:11:DMA3_DMA19_IRQHandler	8	static
../startup/startup_mimxrt1176_cm7.c:1000:11:DMA4_DMA20_IRQHandler	8	static
../startup/startup_mimxrt1176_cm7.c:1004:11:DMA5_DMA21_IRQHandler	8	static
../startup/startup_mimxrt1176_cm7.c:1008:11:DMA6_DMA22_IRQHandler	8	static
../startup/startup_mimxrt1176_cm7.c:1012:11:DMA7_DMA23_IRQHandler	8	static
../startup/startup_mimxrt1176_cm7.c:1016:11:DMA8_DMA24_IRQHandler	8	static
../startup/startup_mimxrt1176_cm7.c:1020:11:DMA9_DMA25_IRQHandler	8	static
../startup/startup_mimxrt1176_cm7.c:1024:11:DMA10_DMA26_IRQHandler	8	static
../startup/startup_mimxrt1176_cm7.c:1028:11:DMA11_DMA27_IRQHandler	8	static
../startup/startup_mimxrt1176_cm7.c:1032:11:DMA12_DMA28_IRQHandler	8	static
../startup/startup_mimxrt1176_cm7.c:1036:11:DMA13_DMA29_IRQHandler	8	static
../startup/startup_mimxrt1176_cm7.c:1040:11:DMA14_DMA30_IRQHandler	8	static
../startup/startup_mimxrt1176_cm7.c:1044:11:DMA15_DMA31_IRQHandler	8	static
../startup/startup_mimxrt1176_cm7.c:1048:11:DMA_ERROR_IRQHandler	8	static
../startup/startup_mimxrt1176_cm7.c:1052:11:CTI_TRIGGER_OUT0_IRQHandler	8	static
../startup/startup_mimxrt1176_cm7.c:1056:11:CTI_TRIGGER_OUT1_IRQHandler	8	static
../startup/startup_mimxrt1176_cm7.c:1060:11:CORE_IRQHandler	8	static
../startup/startup_mimxrt1176_cm7.c:1064:11:LPUART1_IRQHandler	8	static
../startup/startup_mimxrt1176_cm7.c:1068:11:LPUART2_IRQHandler	8	static
../startup/startup_mimxrt1176_cm7.c:1072:11:LPUART3_IRQHandler	8	static
../startup/startup_mimxrt1176_cm7.c:1076:11:LPUART4_IRQHandler	8	static
../startup/startup_mimxrt1176_cm7.c:1080:11:LPUART5_IRQHandler	8	static
../startup/startup_mimxrt1176_cm7.c:1084:11:LPUART6_IRQHandler	8	static
../startup/startup_mimxrt1176_cm7.c:1088:11:LPUART7_IRQHandler	8	static
../startup/startup_mimxrt1176_cm7.c:1092:11:LPUART8_IRQHandler	8	static
../startup/startup_mimxrt1176_cm7.c:1096:11:LPUART9_IRQHandler	8	static
../startup/startup_mimxrt1176_cm7.c:1100:11:LPUART10_IRQHandler	8	static
../startup/startup_mimxrt1176_cm7.c:1104:11:LPUART11_IRQHandler	8	static
../startup/startup_mimxrt1176_cm7.c:1108:11:LPUART12_IRQHandler	8	static
../startup/startup_mimxrt1176_cm7.c:1112:11:LPI2C1_IRQHandler	8	static
../startup/startup_mimxrt1176_cm7.c:1116:11:LPI2C2_IRQHandler	8	static
../startup/startup_mimxrt1176_cm7.c:1120:11:LPI2C3_IRQHandler	8	static
../startup/startup_mimxrt1176_cm7.c:1124:11:LPI2C4_IRQHandler	8	static
../startup/startup_mimxrt1176_cm7.c:1128:11:LPI2C5_IRQHandler	8	static
../startup/startup_mimxrt1176_cm7.c:1132:11:LPI2C6_IRQHandler	8	static
../startup/startup_mimxrt1176_cm7.c:1136:11:LPSPI1_IRQHandler	8	static
../startup/startup_mimxrt1176_cm7.c:1140:11:LPSPI2_IRQHandler	8	static
../startup/startup_mimxrt1176_cm7.c:1144:11:LPSPI3_IRQHandler	8	static
../startup/startup_mimxrt1176_cm7.c:1148:11:LPSPI4_IRQHandler	8	static
../startup/startup_mimxrt1176_cm7.c:1152:11:LPSPI5_IRQHandler	8	static
../startup/startup_mimxrt1176_cm7.c:1156:11:LPSPI6_IRQHandler	8	static
../startup/startup_mimxrt1176_cm7.c:1160:11:CAN1_IRQHandler	8	static
../startup/startup_mimxrt1176_cm7.c:1164:11:CAN1_ERROR_IRQHandler	8	static
../startup/startup_mimxrt1176_cm7.c:1168:11:CAN2_IRQHandler	8	static
../startup/startup_mimxrt1176_cm7.c:1172:11:CAN2_ERROR_IRQHandler	8	static
../startup/startup_mimxrt1176_cm7.c:1176:11:CAN3_IRQHandler	8	static
../startup/startup_mimxrt1176_cm7.c:1180:11:CAN3_ERROR_IRQHandler	8	static
../startup/startup_mimxrt1176_cm7.c:1184:11:FLEXRAM_IRQHandler	8	static
../startup/startup_mimxrt1176_cm7.c:1188:11:KPP_IRQHandler	8	static
../startup/startup_mimxrt1176_cm7.c:1192:11:Reserved68_IRQHandler	8	static
../startup/startup_mimxrt1176_cm7.c:1196:11:GPR_IRQ_IRQHandler	8	static
../startup/startup_mimxrt1176_cm7.c:1200:11:eLCDIF_IRQHandler	8	static
../startup/startup_mimxrt1176_cm7.c:1204:11:LCDIFv2_IRQHandler	8	static
../startup/startup_mimxrt1176_cm7.c:1208:11:CSI_IRQHandler	8	static
../startup/startup_mimxrt1176_cm7.c:1212:11:PXP_IRQHandler	8	static
../startup/startup_mimxrt1176_cm7.c:1216:11:MIPI_CSI_IRQHandler	8	static
../startup/startup_mimxrt1176_cm7.c:1220:11:MIPI_DSI_IRQHandler	8	static
../startup/startup_mimxrt1176_cm7.c:1224:11:GPU2D_IRQHandler	8	static
../startup/startup_mimxrt1176_cm7.c:1228:11:GPIO6_Combined_0_15_IRQHandler	8	static
../startup/startup_mimxrt1176_cm7.c:1232:11:GPIO6_Combined_16_31_IRQHandler	8	static
../startup/startup_mimxrt1176_cm7.c:1236:11:DAC_IRQHandler	8	static
../startup/startup_mimxrt1176_cm7.c:1240:11:KEY_MANAGER_IRQHandler	8	static
../startup/startup_mimxrt1176_cm7.c:1244:11:WDOG2_IRQHandler	8	static
../startup/startup_mimxrt1176_cm7.c:1248:11:SNVS_HP_NON_TZ_IRQHandler	8	static
../startup/startup_mimxrt1176_cm7.c:1252:11:SNVS_HP_TZ_IRQHandler	8	static
../startup/startup_mimxrt1176_cm7.c:1256:11:SNVS_PULSE_EVENT_IRQHandler	8	static
../startup/startup_mimxrt1176_cm7.c:1260:11:CAAM_IRQ0_IRQHandler	8	static
../startup/startup_mimxrt1176_cm7.c:1264:11:CAAM_IRQ1_IRQHandler	8	static
../startup/startup_mimxrt1176_cm7.c:1268:11:CAAM_IRQ2_IRQHandler	8	static
../startup/startup_mimxrt1176_cm7.c:1272:11:CAAM_IRQ3_IRQHandler	8	static
../startup/startup_mimxrt1176_cm7.c:1276:11:CAAM_RECORVE_ERRPR_IRQHandler	8	static
../startup/startup_mimxrt1176_cm7.c:1280:11:CAAM_RTIC_IRQHandler	8	static
../startup/startup_mimxrt1176_cm7.c:1284:11:CDOG_IRQHandler	8	static
../startup/startup_mimxrt1176_cm7.c:1288:11:SAI1_IRQHandler	8	static
../startup/startup_mimxrt1176_cm7.c:1292:11:SAI2_IRQHandler	8	static
../startup/startup_mimxrt1176_cm7.c:1296:11:SAI3_RX_IRQHandler	8	static
../startup/startup_mimxrt1176_cm7.c:1300:11:SAI3_TX_IRQHandler	8	static
../startup/startup_mimxrt1176_cm7.c:1304:11:SAI4_RX_IRQHandler	8	static
../startup/startup_mimxrt1176_cm7.c:1308:11:SAI4_TX_IRQHandler	8	static
../startup/startup_mimxrt1176_cm7.c:1312:11:SPDIF_IRQHandler	8	static
../startup/startup_mimxrt1176_cm7.c:1316:11:TMPSNS_INT_IRQHandler	8	static
../startup/startup_mimxrt1176_cm7.c:1320:11:TMPSNS_LOW_HIGH_IRQHandler	8	static
../startup/startup_mimxrt1176_cm7.c:1324:11:TMPSNS_PANIC_IRQHandler	8	static
../startup/startup_mimxrt1176_cm7.c:1328:11:LPSR_LP8_BROWNOUT_IRQHandler	8	static
../startup/startup_mimxrt1176_cm7.c:1332:11:LPSR_LP0_BROWNOUT_IRQHandler	8	static
../startup/startup_mimxrt1176_cm7.c:1336:11:ADC1_IRQHandler	8	static
../startup/startup_mimxrt1176_cm7.c:1340:11:ADC2_IRQHandler	8	static
../startup/startup_mimxrt1176_cm7.c:1344:11:USBPHY1_IRQHandler	8	static
../startup/startup_mimxrt1176_cm7.c:1348:11:USBPHY2_IRQHandler	8	static
../startup/startup_mimxrt1176_cm7.c:1352:11:RDC_IRQHandler	8	static
../startup/startup_mimxrt1176_cm7.c:1356:11:GPIO13_Combined_0_31_IRQHandler	8	static
../startup/startup_mimxrt1176_cm7.c:1360:11:Reserved110_IRQHandler	8	static
../startup/startup_mimxrt1176_cm7.c:1364:11:DCIC1_IRQHandler	8	static
../startup/startup_mimxrt1176_cm7.c:1368:11:DCIC2_IRQHandler	8	static
../startup/startup_mimxrt1176_cm7.c:1372:11:ASRC_IRQHandler	8	static
../startup/startup_mimxrt1176_cm7.c:1376:11:FLEXRAM_ECC_IRQHandler	8	static
../startup/startup_mimxrt1176_cm7.c:1380:11:CM7_GPIO2_3_IRQHandler	8	static
../startup/startup_mimxrt1176_cm7.c:1384:11:GPIO1_Combined_0_15_IRQHandler	8	static
../startup/startup_mimxrt1176_cm7.c:1388:11:GPIO1_Combined_16_31_IRQHandler	8	static
../startup/startup_mimxrt1176_cm7.c:1392:11:GPIO2_Combined_0_15_IRQHandler	8	static
../startup/startup_mimxrt1176_cm7.c:1396:11:GPIO2_Combined_16_31_IRQHandler	8	static
../startup/startup_mimxrt1176_cm7.c:1400:11:GPIO3_Combined_0_15_IRQHandler	8	static
../startup/startup_mimxrt1176_cm7.c:1404:11:GPIO3_Combined_16_31_IRQHandler	8	static
../startup/startup_mimxrt1176_cm7.c:1408:11:GPIO4_Combined_0_15_IRQHandler	8	static
../startup/startup_mimxrt1176_cm7.c:1412:11:GPIO4_Combined_16_31_IRQHandler	8	static
../startup/startup_mimxrt1176_cm7.c:1416:11:GPIO5_Combined_0_15_IRQHandler	8	static
../startup/startup_mimxrt1176_cm7.c:1420:11:GPIO5_Combined_16_31_IRQHandler	8	static
../startup/startup_mimxrt1176_cm7.c:1424:11:FLEXIO1_IRQHandler	8	static
../startup/startup_mimxrt1176_cm7.c:1428:11:FLEXIO2_IRQHandler	8	static
../startup/startup_mimxrt1176_cm7.c:1432:11:WDOG1_IRQHandler	8	static
../startup/startup_mimxrt1176_cm7.c:1436:11:RTWDOG3_IRQHandler	8	static
../startup/startup_mimxrt1176_cm7.c:1440:11:EWM_IRQHandler	8	static
../startup/startup_mimxrt1176_cm7.c:1444:11:OCOTP_READ_FUSE_ERROR_IRQHandler	8	static
../startup/startup_mimxrt1176_cm7.c:1448:11:OCOTP_READ_DONE_ERROR_IRQHandler	8	static
../startup/startup_mimxrt1176_cm7.c:1452:11:GPC_IRQHandler	8	static
../startup/startup_mimxrt1176_cm7.c:1456:11:MUA_IRQHandler	8	static
../startup/startup_mimxrt1176_cm7.c:1460:11:GPT1_IRQHandler	8	static
../startup/startup_mimxrt1176_cm7.c:1464:11:GPT2_IRQHandler	8	static
../startup/startup_mimxrt1176_cm7.c:1468:11:GPT3_IRQHandler	8	static
../startup/startup_mimxrt1176_cm7.c:1472:11:GPT4_IRQHandler	8	static
../startup/startup_mimxrt1176_cm7.c:1476:11:GPT5_IRQHandler	8	static
../startup/startup_mimxrt1176_cm7.c:1480:11:GPT6_IRQHandler	8	static
../startup/startup_mimxrt1176_cm7.c:1484:11:PWM1_0_IRQHandler	8	static
../startup/startup_mimxrt1176_cm7.c:1488:11:PWM1_1_IRQHandler	8	static
../startup/startup_mimxrt1176_cm7.c:1492:11:PWM1_2_IRQHandler	8	static
../startup/startup_mimxrt1176_cm7.c:1496:11:PWM1_3_IRQHandler	8	static
../startup/startup_mimxrt1176_cm7.c:1500:11:PWM1_FAULT_IRQHandler	8	static
../startup/startup_mimxrt1176_cm7.c:1504:11:FLEXSPI1_IRQHandler	8	static
../startup/startup_mimxrt1176_cm7.c:1508:11:FLEXSPI2_IRQHandler	8	static
../startup/startup_mimxrt1176_cm7.c:1512:11:SEMC_IRQHandler	8	static
../startup/startup_mimxrt1176_cm7.c:1516:11:USDHC1_IRQHandler	8	static
../startup/startup_mimxrt1176_cm7.c:1520:11:USDHC2_IRQHandler	8	static
../startup/startup_mimxrt1176_cm7.c:1524:11:USB_OTG2_IRQHandler	8	static
../startup/startup_mimxrt1176_cm7.c:1528:11:USB_OTG1_IRQHandler	8	static
../startup/startup_mimxrt1176_cm7.c:1532:11:ENET_IRQHandler	8	static
../startup/startup_mimxrt1176_cm7.c:1536:11:ENET_1588_Timer_IRQHandler	8	static
../startup/startup_mimxrt1176_cm7.c:1540:11:ENET_1G_MAC0_Tx_Rx_1_IRQHandler	8	static
../startup/startup_mimxrt1176_cm7.c:1544:11:ENET_1G_MAC0_Tx_Rx_2_IRQHandler	8	static
../startup/startup_mimxrt1176_cm7.c:1548:11:ENET_1G_IRQHandler	8	static
../startup/startup_mimxrt1176_cm7.c:1552:11:ENET_1G_1588_Timer_IRQHandler	8	static
../startup/startup_mimxrt1176_cm7.c:1556:11:XBAR1_IRQ_0_1_IRQHandler	8	static
../startup/startup_mimxrt1176_cm7.c:1560:11:XBAR1_IRQ_2_3_IRQHandler	8	static
../startup/startup_mimxrt1176_cm7.c:1564:11:ADC_ETC_IRQ0_IRQHandler	8	static
../startup/startup_mimxrt1176_cm7.c:1568:11:ADC_ETC_IRQ1_IRQHandler	8	static
../startup/startup_mimxrt1176_cm7.c:1572:11:ADC_ETC_IRQ2_IRQHandler	8	static
../startup/startup_mimxrt1176_cm7.c:1576:11:ADC_ETC_IRQ3_IRQHandler	8	static
../startup/startup_mimxrt1176_cm7.c:1580:11:ADC_ETC_ERROR_IRQ_IRQHandler	8	static
../startup/startup_mimxrt1176_cm7.c:1584:11:Reserved166_IRQHandler	8	static
../startup/startup_mimxrt1176_cm7.c:1588:11:Reserved167_IRQHandler	8	static
../startup/startup_mimxrt1176_cm7.c:1592:11:Reserved168_IRQHandler	8	static
../startup/startup_mimxrt1176_cm7.c:1596:11:Reserved169_IRQHandler	8	static
../startup/startup_mimxrt1176_cm7.c:1600:11:Reserved170_IRQHandler	8	static
../startup/startup_mimxrt1176_cm7.c:1604:11:PIT1_IRQHandler	8	static
../startup/startup_mimxrt1176_cm7.c:1608:11:PIT2_IRQHandler	8	static
../startup/startup_mimxrt1176_cm7.c:1612:11:ACMP1_IRQHandler	8	static
../startup/startup_mimxrt1176_cm7.c:1616:11:ACMP2_IRQHandler	8	static
../startup/startup_mimxrt1176_cm7.c:1620:11:ACMP3_IRQHandler	8	static
../startup/startup_mimxrt1176_cm7.c:1624:11:ACMP4_IRQHandler	8	static
../startup/startup_mimxrt1176_cm7.c:1628:11:Reserved177_IRQHandler	8	static
../startup/startup_mimxrt1176_cm7.c:1632:11:Reserved178_IRQHandler	8	static
../startup/startup_mimxrt1176_cm7.c:1636:11:Reserved179_IRQHandler	8	static
../startup/startup_mimxrt1176_cm7.c:1640:11:Reserved180_IRQHandler	8	static
../startup/startup_mimxrt1176_cm7.c:1644:11:ENC1_IRQHandler	8	static
../startup/startup_mimxrt1176_cm7.c:1648:11:ENC2_IRQHandler	8	static
../startup/startup_mimxrt1176_cm7.c:1652:11:ENC3_IRQHandler	8	static
../startup/startup_mimxrt1176_cm7.c:1656:11:ENC4_IRQHandler	8	static
../startup/startup_mimxrt1176_cm7.c:1660:11:Reserved185_IRQHandler	8	static
../startup/startup_mimxrt1176_cm7.c:1664:11:Reserved186_IRQHandler	8	static
../startup/startup_mimxrt1176_cm7.c:1668:11:TMR1_IRQHandler	8	static
../startup/startup_mimxrt1176_cm7.c:1672:11:TMR2_IRQHandler	8	static
../startup/startup_mimxrt1176_cm7.c:1676:11:TMR3_IRQHandler	8	static
../startup/startup_mimxrt1176_cm7.c:1680:11:TMR4_IRQHandler	8	static
../startup/startup_mimxrt1176_cm7.c:1684:11:SEMA4_CP0_IRQHandler	8	static
../startup/startup_mimxrt1176_cm7.c:1688:11:SEMA4_CP1_IRQHandler	8	static
../startup/startup_mimxrt1176_cm7.c:1692:11:PWM2_0_IRQHandler	8	static
../startup/startup_mimxrt1176_cm7.c:1696:11:PWM2_1_IRQHandler	8	static
../startup/startup_mimxrt1176_cm7.c:1700:11:PWM2_2_IRQHandler	8	static
../startup/startup_mimxrt1176_cm7.c:1704:11:PWM2_3_IRQHandler	8	static
../startup/startup_mimxrt1176_cm7.c:1708:11:PWM2_FAULT_IRQHandler	8	static
../startup/startup_mimxrt1176_cm7.c:1712:11:PWM3_0_IRQHandler	8	static
../startup/startup_mimxrt1176_cm7.c:1716:11:PWM3_1_IRQHandler	8	static
../startup/startup_mimxrt1176_cm7.c:1720:11:PWM3_2_IRQHandler	8	static
../startup/startup_mimxrt1176_cm7.c:1724:11:PWM3_3_IRQHandler	8	static
../startup/startup_mimxrt1176_cm7.c:1728:11:PWM3_FAULT_IRQHandler	8	static
../startup/startup_mimxrt1176_cm7.c:1732:11:PWM4_0_IRQHandler	8	static
../startup/startup_mimxrt1176_cm7.c:1736:11:PWM4_1_IRQHandler	8	static
../startup/startup_mimxrt1176_cm7.c:1740:11:PWM4_2_IRQHandler	8	static
../startup/startup_mimxrt1176_cm7.c:1744:11:PWM4_3_IRQHandler	8	static
../startup/startup_mimxrt1176_cm7.c:1748:11:PWM4_FAULT_IRQHandler	8	static
../startup/startup_mimxrt1176_cm7.c:1752:11:Reserved208_IRQHandler	8	static
../startup/startup_mimxrt1176_cm7.c:1756:11:Reserved209_IRQHandler	8	static
../startup/startup_mimxrt1176_cm7.c:1760:11:Reserved210_IRQHandler	8	static
../startup/startup_mimxrt1176_cm7.c:1764:11:Reserved211_IRQHandler	8	static
../startup/startup_mimxrt1176_cm7.c:1768:11:Reserved212_IRQHandler	8	static
../startup/startup_mimxrt1176_cm7.c:1772:11:Reserved213_IRQHandler	8	static
../startup/startup_mimxrt1176_cm7.c:1776:11:Reserved214_IRQHandler	8	static
../startup/startup_mimxrt1176_cm7.c:1780:11:Reserved215_IRQHandler	8	static
../startup/startup_mimxrt1176_cm7.c:1784:11:PDM_HWVAD_EVENT_IRQHandler	8	static
../startup/startup_mimxrt1176_cm7.c:1788:11:PDM_HWVAD_ERROR_IRQHandler	8	static
../startup/startup_mimxrt1176_cm7.c:1792:11:PDM_EVENT_IRQHandler	8	static
../startup/startup_mimxrt1176_cm7.c:1796:11:PDM_ERROR_IRQHandler	8	static
../startup/startup_mimxrt1176_cm7.c:1800:11:EMVSIM1_IRQHandler	8	static
../startup/startup_mimxrt1176_cm7.c:1804:11:EMVSIM2_IRQHandler	8	static
../startup/startup_mimxrt1176_cm7.c:1808:11:MECC1_INT_IRQHandler	8	static
../startup/startup_mimxrt1176_cm7.c:1812:11:MECC1_FATAL_INT_IRQHandler	8	static
../startup/startup_mimxrt1176_cm7.c:1816:11:MECC2_INT_IRQHandler	8	static
../startup/startup_mimxrt1176_cm7.c:1820:11:MECC2_FATAL_INT_IRQHandler	8	static
../startup/startup_mimxrt1176_cm7.c:1824:11:XECC_FLEXSPI1_INT_IRQHandler	8	static
../startup/startup_mimxrt1176_cm7.c:1828:11:XECC_FLEXSPI1_FATAL_INT_IRQHandler	8	static
../startup/startup_mimxrt1176_cm7.c:1832:11:XECC_FLEXSPI2_INT_IRQHandler	8	static
../startup/startup_mimxrt1176_cm7.c:1836:11:XECC_FLEXSPI2_FATAL_INT_IRQHandler	8	static
../startup/startup_mimxrt1176_cm7.c:1840:11:XECC_SEMC_INT_IRQHandler	8	static
../startup/startup_mimxrt1176_cm7.c:1844:11:XECC_SEMC_FATAL_INT_IRQHandler	8	static
../startup/startup_mimxrt1176_cm7.c:1848:11:ENET_QOS_IRQHandler	8	static
../startup/startup_mimxrt1176_cm7.c:1852:11:ENET_QOS_PMT_IRQHandler	8	static
