C:/root/wsp/wsp_SDSGW/system_sdsgw/src/gate/xgate.c:60:15:xgate_class_config_init	24	static
C:/root/wsp/wsp_SDSGW/system_sdsgw/src/gate/xgate.c:85:13:xgate_class_config_deinit	16	static
C:/root/wsp/wsp_SDSGW/system_sdsgw/src/gate/xgate.c:105:15:xgate_class_config_setup	112	static
C:/root/wsp/wsp_SDSGW/system_sdsgw/src/gate/xgate.c:127:15:xgate_class_config_clone	24	static
C:/root/wsp/wsp_SDSGW/system_sdsgw/src/gate/xgate.c:155:13:xgate_class_config_print	16	static
C:/root/wsp/wsp_SDSGW/system_sdsgw/src/gate/xgate.c:165:13:xgate_next_class_config_set	24	static
C:/root/wsp/wsp_SDSGW/system_sdsgw/src/gate/xgate.c:183:15:xgate_next_class_config_get	24	static
C:/root/wsp/wsp_SDSGW/system_sdsgw/src/gate/xgate.c:204:13:xgate_object_init	16	static
C:/root/wsp/wsp_SDSGW/system_sdsgw/src/gate/xgate.c:210:13:xgate_object_init_all	16	static
C:/root/wsp/wsp_SDSGW/system_sdsgw/src/gate/xgate.c:221:31:xgate_object_open_status_get	24	static
C:/root/wsp/wsp_SDSGW/system_sdsgw/src/gate/xgate.c:236:15:xgate_object_open	24	static
C:/root/wsp/wsp_SDSGW/system_sdsgw/src/gate/xgate.c:268:15:xgate_object_close	24	static
C:/root/wsp/wsp_SDSGW/system_sdsgw/src/gate/xgate.c:293:13:xgate_object_poll	16	static
C:/root/wsp/wsp_SDSGW/system_sdsgw/src/gate/xgate.c:302:13:xgate_object_open_proc	16	static
C:/root/wsp/wsp_SDSGW/system_sdsgw/src/gate/xgate.c:334:13:xgate_object_close_proc	16	static
C:/root/wsp/wsp_SDSGW/system_sdsgw/src/gate/xgate.c:355:13:xgate_object_config_update_proc	24	static
C:/root/wsp/wsp_SDSGW/system_sdsgw/src/gate/xgate.c:373:23:xgate_class_find	24	static
C:/root/wsp/wsp_SDSGW/system_sdsgw/src/gate/xgate.c:394:13:xgate_forwarding	32	static
C:/root/wsp/wsp_SDSGW/system_sdsgw/src/gate/xgate.c:413:6:xgate_init	16	static
C:/root/wsp/wsp_SDSGW/system_sdsgw/src/gate/xgate.c:430:6:xgate_deinit	4	static
C:/root/wsp/wsp_SDSGW/system_sdsgw/src/gate/xgate.c:434:6:xgate_poll	16	static
C:/root/wsp/wsp_SDSGW/system_sdsgw/src/gate/xgate.c:471:6:xgate_class_enumeration	24	static
C:/root/wsp/wsp_SDSGW/system_sdsgw/src/gate/xgate.c:486:6:xgate_object_enumeration	24	static
C:/root/wsp/wsp_SDSGW/system_sdsgw/src/gate/xgate.c:508:8:xgate_forwarding_rule_get	24	static
C:/root/wsp/wsp_SDSGW/system_sdsgw/src/gate/xgate.c:523:8:xgate_forwarding_rule_set	24	static
C:/root/wsp/wsp_SDSGW/system_sdsgw/src/gate/xgate.c:553:6:xgate_monitor_reset	16	static
C:/root/wsp/wsp_SDSGW/system_sdsgw/src/gate/xgate.c:563:6:xgate_monitor_clear	24	static
C:/root/wsp/wsp_SDSGW/system_sdsgw/src/gate/xgate.c:583:8:xgate_monitor_get	32	static
C:/root/wsp/wsp_SDSGW/system_sdsgw/src/gate/xgate.c:611:8:xgate_monitor_set	32	static
C:/root/wsp/wsp_SDSGW/system_sdsgw/src/gate/xgate.c:630:8:xgate_setup	176	static
C:/root/wsp/wsp_SDSGW/system_sdsgw/src/gate/xgate.c:644:8:xgate_vsetup	48	static
C:/root/wsp/wsp_SDSGW/system_sdsgw/src/gate/xgate.c:707:6:xgate_reset	24	static
C:/root/wsp/wsp_SDSGW/system_sdsgw/src/gate/xgate.c:712:6:xgate_print	24	static
C:/root/wsp/wsp_SDSGW/system_sdsgw/src/gate/xgate.c:726:6:xgate_open_request	24	static
C:/root/wsp/wsp_SDSGW/system_sdsgw/src/gate/xgate.c:736:24:xgate_open_status_get	24	static
C:/root/wsp/wsp_SDSGW/system_sdsgw/src/gate/xgate.c:748:6:xgate_send	24	static
C:/root/wsp/wsp_SDSGW/system_sdsgw/src/gate/xgate.c:758:6:xgate_object_reopen	16	static
C:/root/wsp/wsp_SDSGW/system_sdsgw/src/gate/xgate.c:766:6:xgate_object_send	24	static
C:/root/wsp/wsp_SDSGW/system_sdsgw/src/gate/xgate.c:792:6:xgate_object_recv	32	static
C:/root/wsp/wsp_SDSGW/system_sdsgw/src/gate/xgate.c:816:24:xgate_object_status_get	24	static
C:/root/wsp/wsp_SDSGW/system_sdsgw/src/gate/xgate.c:828:6:xgate_object_status_reset	24	static
C:/root/wsp/wsp_SDSGW/system_sdsgw/src/gate/xgate.c:839:6:xgate_object_status_set	16	static
C:/root/wsp/wsp_SDSGW/system_sdsgw/src/gate/xgate.c:847:6:xgate_object_status_clear	16	static
