C:/root/wsp/wsp_SDSGW/system_sdsgw/src/thirdparty/lwip/src/core/ipv4/dhcp.c:273:1:dhcp_inc_pcb_refcount	8	static
C:/root/wsp/wsp_SDSGW/system_sdsgw/src/thirdparty/lwip/src/core/ipv4/dhcp.c:300:1:dhcp_dec_pcb_refcount	8	static
C:/root/wsp/wsp_SDSGW/system_sdsgw/src/thirdparty/lwip/src/core/ipv4/dhcp.c:324:1:dhcp_handle_nak	24	static
C:/root/wsp/wsp_SDSGW/system_sdsgw/src/thirdparty/lwip/src/core/ipv4/dhcp.c:412:1:dhcp_handle_offer	24	static
C:/root/wsp/wsp_SDSGW/system_sdsgw/src/thirdparty/lwip/src/core/ipv4/dhcp.c:446:1:dhcp_select	56	static
C:/root/wsp/wsp_SDSGW/system_sdsgw/src/thirdparty/lwip/src/core/ipv4/dhcp.c:510:1:dhcp_coarse_tmr	16	static
C:/root/wsp/wsp_SDSGW/system_sdsgw/src/thirdparty/lwip/src/core/ipv4/dhcp.c:548:1:dhcp_fine_tmr	16	static
C:/root/wsp/wsp_SDSGW/system_sdsgw/src/thirdparty/lwip/src/core/ipv4/dhcp.c:579:1:dhcp_timeout	24	static
C:/root/wsp/wsp_SDSGW/system_sdsgw/src/thirdparty/lwip/src/core/ipv4/dhcp.c:613:1:dhcp_t1_timeout	24	static
C:/root/wsp/wsp_SDSGW/system_sdsgw/src/thirdparty/lwip/src/core/ipv4/dhcp.c:640:1:dhcp_t2_timeout	24	static
C:/root/wsp/wsp_SDSGW/system_sdsgw/src/thirdparty/lwip/src/core/ipv4/dhcp.c:666:1:dhcp_handle_ack	24	static
C:/root/wsp/wsp_SDSGW/system_sdsgw/src/thirdparty/lwip/src/core/ipv4/dhcp.c:757:1:dhcp_set_struct	16	static
C:/root/wsp/wsp_SDSGW/system_sdsgw/src/thirdparty/lwip/src/core/ipv4/dhcp.c:781:6:dhcp_cleanup	24	static
C:/root/wsp/wsp_SDSGW/system_sdsgw/src/thirdparty/lwip/src/core/ipv4/dhcp.c:810:1:dhcp_start	24	static
C:/root/wsp/wsp_SDSGW/system_sdsgw/src/thirdparty/lwip/src/core/ipv4/dhcp.c:894:1:dhcp_inform	88	static
C:/root/wsp/wsp_SDSGW/system_sdsgw/src/thirdparty/lwip/src/core/ipv4/dhcp.c:938:1:dhcp_network_changed_link_up	24	static
C:/root/wsp/wsp_SDSGW/system_sdsgw/src/thirdparty/lwip/src/core/ipv4/dhcp.c:1019:1:dhcp_discover	48	static
C:/root/wsp/wsp_SDSGW/system_sdsgw/src/thirdparty/lwip/src/core/ipv4/dhcp.c:1083:1:dhcp_bind	48	static
C:/root/wsp/wsp_SDSGW/system_sdsgw/src/thirdparty/lwip/src/core/ipv4/dhcp.c:1157:1:dhcp_renew	48	static
C:/root/wsp/wsp_SDSGW/system_sdsgw/src/thirdparty/lwip/src/core/ipv4/dhcp.c:1213:1:dhcp_rebind	48	static
C:/root/wsp/wsp_SDSGW/system_sdsgw/src/thirdparty/lwip/src/core/ipv4/dhcp.c:1267:1:dhcp_reboot	56	static
C:/root/wsp/wsp_SDSGW/system_sdsgw/src/thirdparty/lwip/src/core/ipv4/dhcp.c:1325:1:dhcp_release_and_stop	56	static
C:/root/wsp/wsp_SDSGW/system_sdsgw/src/thirdparty/lwip/src/core/ipv4/dhcp.c:1400:1:dhcp_release	16	static
C:/root/wsp/wsp_SDSGW/system_sdsgw/src/thirdparty/lwip/src/core/ipv4/dhcp.c:1412:1:dhcp_stop	16	static
C:/root/wsp/wsp_SDSGW/system_sdsgw/src/thirdparty/lwip/src/core/ipv4/dhcp.c:1423:1:dhcp_set_state	16	static
C:/root/wsp/wsp_SDSGW/system_sdsgw/src/thirdparty/lwip/src/core/ipv4/dhcp.c:1438:1:dhcp_option	16	static
C:/root/wsp/wsp_SDSGW/system_sdsgw/src/thirdparty/lwip/src/core/ipv4/dhcp.c:1450:1:dhcp_option_byte	16	static
C:/root/wsp/wsp_SDSGW/system_sdsgw/src/thirdparty/lwip/src/core/ipv4/dhcp.c:1458:1:dhcp_option_short	16	static
C:/root/wsp/wsp_SDSGW/system_sdsgw/src/thirdparty/lwip/src/core/ipv4/dhcp.c:1467:1:dhcp_option_long	24	static
C:/root/wsp/wsp_SDSGW/system_sdsgw/src/thirdparty/lwip/src/core/ipv4/dhcp.c:1513:1:dhcp_parse_reply	72	static
C:/root/wsp/wsp_SDSGW/system_sdsgw/src/thirdparty/lwip/src/core/ipv4/dhcp.c:1762:1:dhcp_recv	48	static
C:/root/wsp/wsp_SDSGW/system_sdsgw/src/thirdparty/lwip/src/core/ipv4/dhcp.c:1883:1:dhcp_create_msg	40	static
C:/root/wsp/wsp_SDSGW/system_sdsgw/src/thirdparty/lwip/src/core/ipv4/dhcp.c:1969:1:dhcp_option_trailer	24	static
C:/root/wsp/wsp_SDSGW/system_sdsgw/src/thirdparty/lwip/src/core/ipv4/dhcp.c:1989:1:dhcp_supplied_address	24	static
