C:\root\wsp\wsp_SDSGW\system_sdsgw\env\nxp_mimxrt1170_evkb\system_sdsgw_m7\CMSIS/core_cm7.h:1911:22:__NVIC_EnableIRQ	16	static
C:\root\wsp\wsp_SDSGW\system_sdsgw\env\nxp_mimxrt1170_evkb\system_sdsgw_m7\CMSIS/core_cm7.h:1949:22:__NVIC_DisableIRQ	16	static
C:\root\wsp\wsp_SDSGW\system_sdsgw\env\nxp_mimxrt1170_evkb\system_sdsgw_m7\drivers/fsl_clock.h:2053:20:CLOCK_SetRootClockMux	16	static
C:\root\wsp\wsp_SDSGW\system_sdsgw\env\nxp_mimxrt1170_evkb\system_sdsgw_m7\drivers/fsl_clock.h:2071:24:CLOCK_GetRootClockMux	16	static
C:\root\wsp\wsp_SDSGW\system_sdsgw\env\nxp_mimxrt1170_evkb\system_sdsgw_m7\drivers/fsl_clock.h:2094:20:CLOCK_SetRootClockDiv	16	static
C:\root\wsp\wsp_SDSGW\system_sdsgw\env\nxp_mimxrt1170_evkb\system_sdsgw_m7\drivers/fsl_clock.h:2112:24:CLOCK_GetRootClockDiv	16	static
C:\root\wsp\wsp_SDSGW\system_sdsgw\env\nxp_mimxrt1170_evkb\system_sdsgw_m7\drivers/fsl_clock.h:2240:24:CLOCK_GetRootClockFreq	32	static
C:\root\wsp\wsp_SDSGW\system_sdsgw\env\nxp_mimxrt1170_evkb\system_sdsgw_m7\drivers/fsl_common_arm.h:570:24:EnableIRQ	24	static
C:\root\wsp\wsp_SDSGW\system_sdsgw\env\nxp_mimxrt1170_evkb\system_sdsgw_m7\drivers/fsl_common_arm.h:614:24:DisableIRQ	24	static
C:\root\wsp\wsp_SDSGW\system_sdsgw\env\nxp_mimxrt1170_evkb\system_sdsgw_m7\drivers/fsl_dmamux.h:75:20:DMAMUX_EnableChannel	16	static
C:\root\wsp\wsp_SDSGW\system_sdsgw\env\nxp_mimxrt1170_evkb\system_sdsgw_m7\drivers/fsl_dmamux.h:110:20:DMAMUX_SetSource	24	static
C:\root\wsp\wsp_SDSGW\system_sdsgw\env\nxp_mimxrt1170_evkb\system_sdsgw_m7\drivers/fsl_sai.h:1107:20:SAI_TxEnableDMA	24	static
C:\root\wsp\wsp_SDSGW\system_sdsgw\env\nxp_mimxrt1170_evkb\system_sdsgw_m7\drivers/fsl_sai.h:1149:25:SAI_TxGetDataRegisterAddress	16	static
C:\root\wsp\wsp_SDSGW\system_sdsgw\src\board\nxp_mimxrt1170_evkb/driver/xaudio_board.h:65:15:xaudio_speaker_transfer_start	8	static
C:\root\wsp\wsp_SDSGW\system_sdsgw\src\board\nxp_mimxrt1170_evkb/driver/xaudio_board.h:82:13:xaudio_speaker_transfer_stop_isr	8	static
C:\root\wsp\wsp_SDSGW\system_sdsgw\src\board\nxp_mimxrt1170_evkb/driver/xaudio_board.h:95:13:xaudio_sai1_mclk_output	16	static
C:\root\wsp\wsp_SDSGW\system_sdsgw\src\board\nxp_mimxrt1170_evkb/driver/xaudio_board.h:107:13:xaudio_speaker_tx_complete_isr	24	static
C:\root\wsp\wsp_SDSGW\system_sdsgw\src\board\nxp_mimxrt1170_evkb/driver/xaudio_board.h:143:15:xaudio_speaker_clock_init	40	static
C:\root\wsp\wsp_SDSGW\system_sdsgw\src\board\nxp_mimxrt1170_evkb/driver/xaudio_board.h:170:15:xaudio_speaker_dma_init	64	static
C:\root\wsp\wsp_SDSGW\system_sdsgw\src\board\nxp_mimxrt1170_evkb/driver/xaudio_board.h:215:15:xaudio_speaker_sai_init	56	static
C:\root\wsp\wsp_SDSGW\system_sdsgw\src\board\nxp_mimxrt1170_evkb/driver/xaudio_board.h:245:15:xaudio_speaker_codec_init	128	static
C:\root\wsp\wsp_SDSGW\system_sdsgw\src\board\nxp_mimxrt1170_evkb/driver/xaudio_board.h:299:15:xaudio_speaker_hw_init	24	static
C:\root\wsp\wsp_SDSGW\system_sdsgw\src\board\nxp_mimxrt1170_evkb/driver/xaudio_board.h:336:15:xaudio_speaker_open	24	static
C:\root\wsp\wsp_SDSGW\system_sdsgw\src\board\nxp_mimxrt1170_evkb/driver/xaudio_board.h:374:13:xaudio_speaker_close	8	static
C:\root\wsp\wsp_SDSGW\system_sdsgw\src\board\nxp_mimxrt1170_evkb/driver/xaudio_board.h:379:13:xaudio_speaker_mute_set	16	static
C:\root\wsp\wsp_SDSGW\system_sdsgw\src\board\nxp_mimxrt1170_evkb/driver/xaudio_board.h:388:15:xaudio_speaker_pcm_data_add	32	static
C:\root\wsp\wsp_SDSGW\system_sdsgw\src\board\nxp_mimxrt1170_evkb/driver/xaudio_board.h:418:20:xaudio_init_board	8	static
C:\root\wsp\wsp_SDSGW\system_sdsgw\src\board\nxp_mimxrt1170_evkb/driver/xaudio_board.h:431:20:xaudio_deinit_board	4	static
C:/root/wsp/wsp_SDSGW/system_sdsgw/src/driver/xaudio.c:69:6:xaudio_init	8	static
C:/root/wsp/wsp_SDSGW/system_sdsgw/src/driver/xaudio.c:76:6:xaudio_deinit	8	static
C:/root/wsp/wsp_SDSGW/system_sdsgw/src/driver/xaudio.c:83:10:xaudio_device_num_get	4	static
C:/root/wsp/wsp_SDSGW/system_sdsgw/src/driver/xaudio.c:88:8:xaudio_open	24	static
C:/root/wsp/wsp_SDSGW/system_sdsgw/src/driver/xaudio.c:112:6:xaudio_close	24	static
C:/root/wsp/wsp_SDSGW/system_sdsgw/src/driver/xaudio.c:129:6:xaudio_mute_set	16	static
C:/root/wsp/wsp_SDSGW/system_sdsgw/src/driver/xaudio.c:139:8:xaudio_pcm_data_add	32	static
