C:\root\wsp\wsp_SDSGW\system_sdsgw\env\nxp_mimxrt1170_evkb\system_sdsgw_m7\drivers/fsl_clock.h:2157:20:CLOCK_SetRootClock	16	static
C:\root\wsp\wsp_SDSGW\system_sdsgw\env\nxp_mimxrt1170_evkb\system_sdsgw_m7\drivers/fsl_clock.h:2178:20:CLOCK_ControlGate	16	static
C:\root\wsp\wsp_SDSGW\system_sdsgw\env\nxp_mimxrt1170_evkb\system_sdsgw_m7\drivers/fsl_clock.h:2197:20:CLOCK_EnableClock	16	static
C:\root\wsp\wsp_SDSGW\system_sdsgw\env\nxp_mimxrt1170_evkb\system_sdsgw_m7\drivers/fsl_iomuxc.h:1633:20:IOMUXC_SetPinMux	24	static
C:\root\wsp\wsp_SDSGW\system_sdsgw\env\nxp_mimxrt1170_evkb\system_sdsgw_m7\drivers/fsl_iomuxc.h:1665:20:IOMUXC_SetPinConfig	24	static
C:\root\wsp\wsp_SDSGW\system_sdsgw\env\nxp_mimxrt1170_evkb\system_sdsgw_m7\drivers/fsl_gpio.h:101:20:GPIO_WritePinOutput	24	static
C:\root\wsp\wsp_SDSGW\system_sdsgw\src\board\nxp_mimxrt1170_evkb/driver/xdriver_board.h:22:13:xboard_pin_init	16	static
C:\root\wsp\wsp_SDSGW\system_sdsgw\src\board\nxp_mimxrt1170_evkb/driver/xdriver_board.h:187:6:xboard_pin_enet1g_init	16	static
C:\root\wsp\wsp_SDSGW\system_sdsgw\src\board\nxp_mimxrt1170_evkb/driver/xdriver_board.h:264:6:xboard_pin_init_enet	16	static
C:\root\wsp\wsp_SDSGW\system_sdsgw\src\board\nxp_mimxrt1170_evkb/driver/xdriver_board.h:320:13:xboard_pinmux_init	24	static
C:\root\wsp\wsp_SDSGW\system_sdsgw\src\board\nxp_mimxrt1170_evkb/driver/xdriver_board.h:367:13:xboard_module_clock_init	24	static
C:\root\wsp\wsp_SDSGW\system_sdsgw\src\board\nxp_mimxrt1170_evkb/driver/xdriver_board.h:397:13:xboard_enet_clock_init	4	static
C:\root\wsp\wsp_SDSGW\system_sdsgw\src\board\nxp_mimxrt1170_evkb/driver/xdriver_board.h:403:13:xboard_dma_init	16	static
C:\root\wsp\wsp_SDSGW\system_sdsgw\src\board\nxp_mimxrt1170_evkb/driver/xdriver_board.h:418:13:xboard_enet_init	16	static
C:\root\wsp\wsp_SDSGW\system_sdsgw\src\board\nxp_mimxrt1170_evkb/driver/xdriver_board.h:438:13:xboard_enet1g_init	16	static
C:\root\wsp\wsp_SDSGW\system_sdsgw\src\board\nxp_mimxrt1170_evkb/driver/xdriver_board.h:460:20:xdriver_init_board	8	static
C:\root\wsp\wsp_SDSGW\system_sdsgw\src\board\nxp_mimxrt1170_evkb/driver/xdriver_board.h:473:20:xdriver_wait_us_board	16	static
C:/root/wsp/wsp_SDSGW/system_sdsgw/src/driver/xdriver.c:13:6:xdriver_init	8	static
C:/root/wsp/wsp_SDSGW/system_sdsgw/src/driver/xdriver.c:18:6:xdriver_deinit	4	static
C:/root/wsp/wsp_SDSGW/system_sdsgw/src/driver/xdriver.c:23:10:xdriver_tick_get	4	static
C:/root/wsp/wsp_SDSGW/system_sdsgw/src/driver/xdriver.c:28:6:xdriver_wait_us	16	static
