C:\root\wsp\wsp_SDSGW\system_sdsgw\env\nxp_mimxrt1170_evkb\system_sdsgw_m7\drivers/fsl_clock.h:2071:24:CLOCK_GetRootClockMux	16	static
C:\root\wsp\wsp_SDSGW\system_sdsgw\env\nxp_mimxrt1170_evkb\system_sdsgw_m7\drivers/fsl_clock.h:2112:24:CLOCK_GetRootClockDiv	16	static
C:\root\wsp\wsp_SDSGW\system_sdsgw\env\nxp_mimxrt1170_evkb\system_sdsgw_m7\drivers/fsl_clock.h:2178:20:CLOCK_ControlGate	16	static
C:\root\wsp\wsp_SDSGW\system_sdsgw\env\nxp_mimxrt1170_evkb\system_sdsgw_m7\drivers/fsl_clock.h:2197:20:CLOCK_EnableClock	16	static
C:\root\wsp\wsp_SDSGW\system_sdsgw\env\nxp_mimxrt1170_evkb\system_sdsgw_m7\drivers/fsl_clock.h:2240:24:CLOCK_GetRootClockFreq	32	static
C:\root\wsp\wsp_SDSGW\system_sdsgw\env\nxp_mimxrt1170_evkb\system_sdsgw_m7\drivers/fsl_enet.h:1239:20:ENET_ActiveRead	16	static
C:\root\wsp\wsp_SDSGW\system_sdsgw\env\nxp_mimxrt1170_evkb\system_sdsgw_m7\component\phy/fsl_phy.h:177:24:PHY_Init	16	static
C:\root\wsp\wsp_SDSGW\system_sdsgw\env\nxp_mimxrt1170_evkb\system_sdsgw_m7\component\phy/fsl_phy.h:237:24:PHY_GetLinkStatus	16	static
C:\root\wsp\wsp_SDSGW\system_sdsgw\env\nxp_mimxrt1170_evkb\system_sdsgw_m7\component\phy/fsl_phy.h:254:24:PHY_GetLinkSpeedDuplex	24	static
C:\root\wsp\wsp_SDSGW\system_sdsgw\src\board\nxp_mimxrt1170_evkb/driver/xethernet_board.h:98:13:xether_enet1g_mdio_init	8	static
C:\root\wsp\wsp_SDSGW\system_sdsgw\src\board\nxp_mimxrt1170_evkb/driver/xethernet_board.h:105:17:xether_enet1g_mdio_write	16	static
C:\root\wsp\wsp_SDSGW\system_sdsgw\src\board\nxp_mimxrt1170_evkb/driver/xethernet_board.h:110:17:xether_enet1g_mdio_read	16	static
C:\root\wsp\wsp_SDSGW\system_sdsgw\src\board\nxp_mimxrt1170_evkb/driver/xethernet_board.h:115:15:xether_enet1g_phy_init	16	static
C:\root\wsp\wsp_SDSGW\system_sdsgw\src\board\nxp_mimxrt1170_evkb/driver/xethernet_board.h:129:14:xether_enet1g_rx_alloc	24	static
C:\root\wsp\wsp_SDSGW\system_sdsgw\src\board\nxp_mimxrt1170_evkb/driver/xethernet_board.h:143:13:xether_enet1g_rx_free	32	static
C:\root\wsp\wsp_SDSGW\system_sdsgw\src\board\nxp_mimxrt1170_evkb/driver/xethernet_board.h:150:13:xether_enet1g_rx_pbuf_free	24	static
C:\root\wsp\wsp_SDSGW\system_sdsgw\src\board\nxp_mimxrt1170_evkb/driver/xethernet_board.h:158:21:xether_enet1g_rx_frame_to_pbufs	56	static
C:\root\wsp\wsp_SDSGW\system_sdsgw\src\board\nxp_mimxrt1170_evkb/driver/xethernet_board.h:200:15:xether_enet1g_init	120	static
C:\root\wsp\wsp_SDSGW\system_sdsgw\src\board\nxp_mimxrt1170_evkb/driver/xethernet_board.h:270:15:xether_enet1g_open	24	static
C:\root\wsp\wsp_SDSGW\system_sdsgw\src\board\nxp_mimxrt1170_evkb/driver/xethernet_board.h:279:13:xether_enet1g_close	4	static
C:\root\wsp\wsp_SDSGW\system_sdsgw\src\board\nxp_mimxrt1170_evkb/driver/xethernet_board.h:283:21:xether_enet1g_recv_packet_get	40	static
C:\root\wsp\wsp_SDSGW\system_sdsgw\src\board\nxp_mimxrt1170_evkb/driver/xethernet_board.h:321:15:xether_enet1g_send_packet_set	40	static
C:\root\wsp\wsp_SDSGW\system_sdsgw\src\board\nxp_mimxrt1170_evkb/driver/xethernet_board.h:355:15:xether_enet1g_link_status_update	16	static
C:\root\wsp\wsp_SDSGW\system_sdsgw\src\board\nxp_mimxrt1170_evkb/driver/xethernet_board.h:385:20:xether_init_board	4	static
C:\root\wsp\wsp_SDSGW\system_sdsgw\src\board\nxp_mimxrt1170_evkb/driver/xethernet_board.h:394:20:xether_deinit_board	4	static
C:/root/wsp/wsp_SDSGW/system_sdsgw/src/driver/xethernet.c:71:6:xether_init	8	static
C:/root/wsp/wsp_SDSGW/system_sdsgw/src/driver/xethernet.c:80:6:xether_deinit	8	static
C:/root/wsp/wsp_SDSGW/system_sdsgw/src/driver/xethernet.c:89:10:xether_device_num_get	4	static
C:/root/wsp/wsp_SDSGW/system_sdsgw/src/driver/xethernet.c:94:8:xether_open	24	static
C:/root/wsp/wsp_SDSGW/system_sdsgw/src/driver/xethernet.c:132:6:xether_close	24	static
C:/root/wsp/wsp_SDSGW/system_sdsgw/src/driver/xethernet.c:153:8:xether_config_get	24	static
C:/root/wsp/wsp_SDSGW/system_sdsgw/src/driver/xethernet.c:172:8:xether_link_status_update	24	static
C:/root/wsp/wsp_SDSGW/system_sdsgw/src/driver/xethernet.c:197:14:xether_recv_packet_get	24	static
C:/root/wsp/wsp_SDSGW/system_sdsgw/src/driver/xethernet.c:211:8:xether_send_packet_set	24	static
