C:\root\wsp\wsp_SDSGW\system_sdsgw\src\board\nxp_mimxrt1170_evkb/driver/xgpio_board.h:15:13:xgpio_init_board	4	static
C:\root\wsp\wsp_SDSGW\system_sdsgw\src\board\nxp_mimxrt1170_evkb/driver/xgpio_board.h:19:20:xgpio_deinit_board	4	static
C:\root\wsp\wsp_SDSGW\system_sdsgw\src\board\nxp_mimxrt1170_evkb/driver/xgpio_board.h:28:8:xgpio_pin_open	24	static
C:\root\wsp\wsp_SDSGW\system_sdsgw\src\board\nxp_mimxrt1170_evkb/driver/xgpio_board.h:41:6:xgpio_pin_close	16	static
C:\root\wsp\wsp_SDSGW\system_sdsgw\src\board\nxp_mimxrt1170_evkb/driver/xgpio_board.h:50:8:xgpio_pin_logic_get	16	static
C:\root\wsp\wsp_SDSGW\system_sdsgw\src\board\nxp_mimxrt1170_evkb/driver/xgpio_board.h:59:6:xgpio_pin_logic_set	16	static
C:\root\wsp\wsp_SDSGW\system_sdsgw\src\board\nxp_mimxrt1170_evkb/driver/xgpio_board.h:71:6:xgpio_pin_logic_toggle	16	static
C:/root/wsp/wsp_SDSGW/system_sdsgw/src/driver/xgpio.c:35:6:xgpio_init	8	static
C:/root/wsp/wsp_SDSGW/system_sdsgw/src/driver/xgpio.c:42:6:xgpio_deinit	8	static
C:/root/wsp/wsp_SDSGW/system_sdsgw/src/driver/xgpio.c:49:10:xgpio_device_num_get	4	static
C:/root/wsp/wsp_SDSGW/system_sdsgw/src/driver/xgpio.c:54:8:xgpio_open	24	static
C:/root/wsp/wsp_SDSGW/system_sdsgw/src/driver/xgpio.c:68:6:xgpio_close	16	static
C:/root/wsp/wsp_SDSGW/system_sdsgw/src/driver/xgpio.c:78:8:xgpio_value_get	24	static
C:/root/wsp/wsp_SDSGW/system_sdsgw/src/driver/xgpio.c:102:6:xgpio_value_set	16	static
C:/root/wsp/wsp_SDSGW/system_sdsgw/src/driver/xgpio.c:118:6:xgpio_value_toggle	16	static
