C:/root/wsp/wsp_SDSGW/system_sdsgw/src/driver/xnetif.c:44:13:xnetif_lwip_close	16	static
C:/root/wsp/wsp_SDSGW/system_sdsgw/src/driver/xnetif.c:49:15:xnetif_lwip_open	48	static
C:/root/wsp/wsp_SDSGW/system_sdsgw/src/driver/xnetif.c:75:13:xnetif_lwip_link_update	16	static
C:/root/wsp/wsp_SDSGW/system_sdsgw/src/driver/xnetif.c:89:13:xnetif_lwip_recv	16	static
C:/root/wsp/wsp_SDSGW/system_sdsgw/src/driver/xnetif.c:98:13:xnetif_eth0_link_poll	24	static
C:/root/wsp/wsp_SDSGW/system_sdsgw/src/driver/xnetif.c:111:13:xnetif_eth0_recv_poll	24	static
C:/root/wsp/wsp_SDSGW/system_sdsgw/src/driver/xnetif.c:121:14:xnetif_eth0_lwip_linkoutput	24	static
C:/root/wsp/wsp_SDSGW/system_sdsgw/src/driver/xnetif.c:144:14:xnetif_eth0_lwip_netif_init	32	static
C:/root/wsp/wsp_SDSGW/system_sdsgw/src/driver/xnetif.c:220:13:xnetif_eth0_close	16	static
C:/root/wsp/wsp_SDSGW/system_sdsgw/src/driver/xnetif.c:228:8:xnetif_eth0_open	32	static
C:/root/wsp/wsp_SDSGW/system_sdsgw/src/driver/xnetif.c:259:13:xnetif_eth0_poll	16	static
C:/root/wsp/wsp_SDSGW/system_sdsgw/src/driver/xnetif.c:286:6:xnetif_init	8	static
C:/root/wsp/wsp_SDSGW/system_sdsgw/src/driver/xnetif.c:291:6:xnetif_deinit	4	static
C:/root/wsp/wsp_SDSGW/system_sdsgw/src/driver/xnetif.c:296:6:xnetif_poll	16	static
C:/root/wsp/wsp_SDSGW/system_sdsgw/src/driver/xnetif.c:309:8:xnetif_open	24	static
C:/root/wsp/wsp_SDSGW/system_sdsgw/src/driver/xnetif.c:338:6:xnetif_close	24	static
C:/root/wsp/wsp_SDSGW/system_sdsgw/src/driver/xnetif.c:354:8:xnetif_config_get	32	static
C:/root/wsp/wsp_SDSGW/system_sdsgw/src/driver/xnetif.c:369:6:xnetif_status_reset	24	static
C:/root/wsp/wsp_SDSGW/system_sdsgw/src/driver/xnetif.c:380:8:xnetif_status_get	24	static
