C:\root\wsp\wsp_SDSGW\system_sdsgw\env\nxp_mimxrt1170_evkb\system_sdsgw_m7\CMSIS/core_cm7.h:1911:22:__NVIC_EnableIRQ	16	static
C:\root\wsp\wsp_SDSGW\system_sdsgw\env\nxp_mimxrt1170_evkb\system_sdsgw_m7\CMSIS/core_cm7.h:1949:22:__NVIC_DisableIRQ	16	static
C:\root\wsp\wsp_SDSGW\system_sdsgw\env\nxp_mimxrt1170_evkb\system_sdsgw_m7\drivers/fsl_clock.h:2071:24:CLOCK_GetRootClockMux	16	static
C:\root\wsp\wsp_SDSGW\system_sdsgw\env\nxp_mimxrt1170_evkb\system_sdsgw_m7\drivers/fsl_clock.h:2112:24:CLOCK_GetRootClockDiv	16	static
C:\root\wsp\wsp_SDSGW\system_sdsgw\env\nxp_mimxrt1170_evkb\system_sdsgw_m7\drivers/fsl_clock.h:2240:24:CLOCK_GetRootClockFreq	32	static
C:\root\wsp\wsp_SDSGW\system_sdsgw\env\nxp_mimxrt1170_evkb\system_sdsgw_m7\drivers/fsl_common_arm.h:570:24:EnableIRQ	24	static
C:\root\wsp\wsp_SDSGW\system_sdsgw\env\nxp_mimxrt1170_evkb\system_sdsgw_m7\drivers/fsl_common_arm.h:614:24:DisableIRQ	24	static
C:\root\wsp\wsp_SDSGW\system_sdsgw\env\nxp_mimxrt1170_evkb\system_sdsgw_m7\drivers/fsl_lpuart.h:653:25:LPUART_GetDataRegisterAddress	16	static
C:\root\wsp\wsp_SDSGW\system_sdsgw\env\nxp_mimxrt1170_evkb\system_sdsgw_m7\drivers/fsl_lpuart.h:686:20:LPUART_EnableRxDMA	16	static
C:\root\wsp\wsp_SDSGW\system_sdsgw\env\nxp_mimxrt1170_evkb\system_sdsgw_m7\drivers/fsl_dmamux.h:75:20:DMAMUX_EnableChannel	16	static
C:\root\wsp\wsp_SDSGW\system_sdsgw\env\nxp_mimxrt1170_evkb\system_sdsgw_m7\drivers/fsl_dmamux.h:110:20:DMAMUX_SetSource	24	static
C:\root\wsp\wsp_SDSGW\system_sdsgw\src\board\nxp_mimxrt1170_evkb/driver/xuart_board.h:58:20:xuart_lpuart1_tx_start_isr	8	static
C:\root\wsp\wsp_SDSGW\system_sdsgw\src\board\nxp_mimxrt1170_evkb/driver/xuart_board.h:80:20:xuart_lpuart1_tx_start	8	static
C:\root\wsp\wsp_SDSGW\system_sdsgw\src\board\nxp_mimxrt1170_evkb/driver/xuart_board.h:92:13:xuart_lpuart1_callback	24	static
C:\root\wsp\wsp_SDSGW\system_sdsgw\src\board\nxp_mimxrt1170_evkb/driver/xuart_board.h:100:8:xuart_lpuart1_open	88	static
C:\root\wsp\wsp_SDSGW\system_sdsgw\src\board\nxp_mimxrt1170_evkb/driver/xuart_board.h:210:6:xuart_lpuart1_close	8	static
C:\root\wsp\wsp_SDSGW\system_sdsgw\src\board\nxp_mimxrt1170_evkb/driver/xuart_board.h:216:8:xuart_lpuart1_read	32	static
C:\root\wsp\wsp_SDSGW\system_sdsgw\src\board\nxp_mimxrt1170_evkb/driver/xuart_board.h:238:8:xuart_lpuart1_write	24	static
C:\root\wsp\wsp_SDSGW\system_sdsgw\src\board\nxp_mimxrt1170_evkb/driver/xuart_board.h:265:20:xuart_init_board	4	static
C:\root\wsp\wsp_SDSGW\system_sdsgw\src\board\nxp_mimxrt1170_evkb/driver/xuart_board.h:269:20:xuart_deinit_board	4	static
C:/root/wsp/wsp_SDSGW/system_sdsgw/src/driver/xuart.c:43:6:xuart_init	8	static
C:/root/wsp/wsp_SDSGW/system_sdsgw/src/driver/xuart.c:50:6:xuart_deinit	8	static
C:/root/wsp/wsp_SDSGW/system_sdsgw/src/driver/xuart.c:57:10:xuart_device_num_get	4	static
C:/root/wsp/wsp_SDSGW/system_sdsgw/src/driver/xuart.c:62:8:xuart_open	24	static
C:/root/wsp/wsp_SDSGW/system_sdsgw/src/driver/xuart.c:76:6:xuart_close	16	static
C:/root/wsp/wsp_SDSGW/system_sdsgw/src/driver/xuart.c:86:8:xuart_read	32	static
C:/root/wsp/wsp_SDSGW/system_sdsgw/src/driver/xuart.c:100:8:xuart_write	32	static
C:/root/wsp/wsp_SDSGW/system_sdsgw/src/driver/xuart.c:114:6:xuart_write_sync	24	static
